node_modules/@google-cloud/storage/build/cjs/src/crc32c.d.ts(6,39): error TS2315: Type 'Int32Array' is not generic.
node_modules/@google-cloud/storage/build/cjs/src/crc32c.d.ts(66,5): error TS18028: Private identifiers are only available when targeting ECMAScript 2015 and higher.
node_modules/@google-cloud/storage/build/cjs/src/crc32c.d.ts(115,45): error TS2315: Type 'Int32Array' is not generic.
node_modules/@google-cloud/storage/build/cjs/src/file.d.ts(327,5): error TS18028: Private identifiers are only available when targeting ECMAScript 2015 and higher.
node_modules/@google-cloud/storage/build/cjs/src/hash-stream-validator.d.ts(20,5): error TS18028: Private identifiers are only available when targeting ECMAScript 2015 and higher.
node_modules/@google-cloud/storage/build/cjs/src/resumable-upload.d.ts(204,5): error TS18028: Private identifiers are only available when targeting ECMAScript 2015 and higher.
node_modules/drizzle-orm/mysql-core/db.d.ts(1,38): error TS2307: Cannot find module 'mysql2/promise' or its corresponding type declarations.
node_modules/drizzle-orm/mysql-core/query-builders/delete.d.ts(36,22): error TS2420: Class 'MySqlDeleteBase<TTable, TQueryResult, TPreparedQueryHKT, TDynamic, TExcludedMethods>' incorrectly implements interface 'SQLWrapper'.
  Property 'getSQL' is missing in type 'MySqlDeleteBase<TTable, TQueryResult, TPreparedQueryHKT, TDynamic, TExcludedMethods>' but required in type 'SQLWrapper'.
node_modules/drizzle-orm/mysql-core/query-builders/select.d.ts(249,244): error TS2344: Type 'string' does not satisfy the constraint 'keyof this & string'.
  Type 'string' is not assignable to type 'keyof this & string'.
    Type 'string' is not assignable to type 'keyof this'.
      Type '"session"' is not assignable to type '"offset" | "_" | "getSQL" | "as" | "union" | "intersect" | "except" | "where" | "orderBy" | "limit" | "toSQL" | "$dynamic" | "having" | "groupBy" | "leftJoin" | "rightJoin" | "innerJoin" | ... 4 more ... | "exceptAll"'.
node_modules/drizzle-orm/mysql-core/query-builders/select.d.ts(275,247): error TS2344: Type 'string' does not satisfy the constraint 'keyof this & string'.
  Type 'string' is not assignable to type 'keyof this & string'.
    Type 'string' is not assignable to type 'keyof this'.
      Type '"session"' is not assignable to type '"offset" | "_" | "getSQL" | "as" | "union" | "intersect" | "except" | "where" | "orderBy" | "limit" | "toSQL" | "$dynamic" | "having" | "groupBy" | "leftJoin" | "rightJoin" | "innerJoin" | ... 4 more ... | "exceptAll"'.
node_modules/drizzle-orm/mysql-core/query-builders/select.d.ts(301,248): error TS2344: Type 'string' does not satisfy the constraint 'keyof this & string'.
  Type 'string' is not assignable to type 'keyof this & string'.
    Type 'string' is not assignable to type 'keyof this'.
      Type '"session"' is not assignable to type '"offset" | "_" | "getSQL" | "as" | "union" | "intersect" | "except" | "where" | "orderBy" | "limit" | "toSQL" | "$dynamic" | "having" | "groupBy" | "leftJoin" | "rightJoin" | "innerJoin" | ... 4 more ... | "exceptAll"'.
node_modules/drizzle-orm/mysql-core/query-builders/select.d.ts(342,251): error TS2344: Type 'string' does not satisfy the constraint 'keyof this & string'.
  Type 'string' is not assignable to type 'keyof this & string'.
    Type 'string' is not assignable to type 'keyof this'.
      Type '"session"' is not assignable to type '"offset" | "_" | "getSQL" | "as" | "union" | "intersect" | "except" | "where" | "orderBy" | "limit" | "toSQL" | "$dynamic" | "having" | "groupBy" | "leftJoin" | "rightJoin" | "innerJoin" | ... 4 more ... | "exceptAll"'.
node_modules/drizzle-orm/mysql-core/query-builders/select.d.ts(368,245): error TS2344: Type 'string' does not satisfy the constraint 'keyof this & string'.
  Type 'string' is not assignable to type 'keyof this & string'.
    Type 'string' is not assignable to type 'keyof this'.
      Type '"session"' is not assignable to type '"offset" | "_" | "getSQL" | "as" | "union" | "intersect" | "except" | "where" | "orderBy" | "limit" | "toSQL" | "$dynamic" | "having" | "groupBy" | "leftJoin" | "rightJoin" | "innerJoin" | ... 4 more ... | "exceptAll"'.
node_modules/drizzle-orm/mysql-core/query-builders/select.d.ts(409,248): error TS2344: Type 'string' does not satisfy the constraint 'keyof this & string'.
  Type 'string' is not assignable to type 'keyof this & string'.
    Type 'string' is not assignable to type 'keyof this'.
      Type '"session"' is not assignable to type '"offset" | "_" | "getSQL" | "as" | "union" | "intersect" | "except" | "where" | "orderBy" | "limit" | "toSQL" | "$dynamic" | "having" | "groupBy" | "leftJoin" | "rightJoin" | "innerJoin" | ... 4 more ... | "exceptAll"'.
node_modules/drizzle-orm/mysql-core/query-builders/select.d.ts(561,22): error TS2515: Non-abstract class 'MySqlSelectBase<TTableName, TSelection, TSelectMode, TPreparedQueryHKT, TNullabilityMap, TDynamic, TExcludedMethods, TResult, TSelectedFields>' does not implement inherited abstract member getSQL from class 'MySqlSelectQueryBuilderBase<MySqlSelectHKT, TTableName, TSelection, TSelectMode, TPreparedQueryHKT, TNullabilityMap, TDynamic, TExcludedMethods, TResult, TSelectedFields>'.
node_modules/drizzle-orm/mysql-core/query-builders/select.types.d.ts(136,1149): error TS2344: Type 'MySqlSetOperatorExcludedMethods' does not satisfy the constraint '"offset" | "_" | "getSQL" | "as" | "union" | "intersect" | "except" | "where" | "orderBy" | "limit" | "toSQL" | "prepare" | "execute" | "iterator" | "$dynamic" | "catch" | "finally" | ... 10 more ... | "exceptAll"'.
  Type '"session"' is not assignable to type '"offset" | "_" | "getSQL" | "as" | "union" | "intersect" | "except" | "where" | "orderBy" | "limit" | "toSQL" | "prepare" | "execute" | "iterator" | "$dynamic" | "catch" | "finally" | ... 10 more ... | "exceptAll"'.
node_modules/drizzle-orm/pg-core/query-builders/query.d.ts(23,22): error TS2420: Class 'PgRelationalQuery<TResult>' incorrectly implements interface 'SQLWrapper'.
  Property 'getSQL' is missing in type 'PgRelationalQuery<TResult>' but required in type 'SQLWrapper'.
node_modules/drizzle-orm/pg-core/roles.d.ts(7,22): error TS2559: Type 'PgRole' has no properties in common with type 'PgRoleConfig'.
node_modules/drizzle-orm/singlestore-core/columns/bigint.d.ts(13,22): error TS2515: Non-abstract class 'SingleStoreBigInt53Builder<T>' does not implement inherited abstract member generatedAlwaysAs from class 'SingleStoreColumnBuilderWithAutoIncrement<T, { unsigned: boolean; }, ColumnBuilderExtraConfig>'.
node_modules/drizzle-orm/singlestore-core/columns/bigint.d.ts(35,22): error TS2515: Non-abstract class 'SingleStoreBigInt64Builder<T>' does not implement inherited abstract member generatedAlwaysAs from class 'SingleStoreColumnBuilderWithAutoIncrement<T, { unsigned: boolean; }, ColumnBuilderExtraConfig>'.
node_modules/drizzle-orm/singlestore-core/columns/binary.d.ts(14,22): error TS2515: Non-abstract class 'SingleStoreBinaryBuilder<T>' does not implement inherited abstract member generatedAlwaysAs from class 'SingleStoreColumnBuilder<T, SingleStoreBinaryConfig, object, ColumnBuilderExtraConfig>'.
node_modules/drizzle-orm/singlestore-core/columns/boolean.d.ts(14,22): error TS2515: Non-abstract class 'SingleStoreBooleanBuilder<T>' does not implement inherited abstract member generatedAlwaysAs from class 'SingleStoreColumnBuilder<T, object, object, ColumnBuilderExtraConfig>'.
node_modules/drizzle-orm/singlestore-core/columns/char.d.ts(16,22): error TS2515: Non-abstract class 'SingleStoreCharBuilder<T>' does not implement inherited abstract member generatedAlwaysAs from class 'SingleStoreColumnBuilder<T, SingleStoreCharConfig<T["enumValues"], T["length"]>, { length: T["length"]; }, ColumnBuilderExtraConfig>'.
node_modules/drizzle-orm/singlestore-core/columns/custom.d.ts(24,22): error TS2515: Non-abstract class 'SingleStoreCustomColumnBuilder<T>' does not implement inherited abstract member generatedAlwaysAs from class 'SingleStoreColumnBuilder<T, { fieldConfig: Record<string, any>; customTypeParams: CustomTypeParams<any>; }, { singlestoreColumnBuilderBrand: "SingleStoreCustomColumnBuilderBrand"; }, ColumnBuilderExtraConfig>'.
node_modules/drizzle-orm/singlestore-core/columns/date.d.ts(16,22): error TS2515: Non-abstract class 'SingleStoreDateBuilder<T>' does not implement inherited abstract member generatedAlwaysAs from class 'SingleStoreColumnBuilder<T, object, object, ColumnBuilderExtraConfig>'.
node_modules/drizzle-orm/singlestore-core/columns/date.d.ts(37,22): error TS2515: Non-abstract class 'SingleStoreDateStringBuilder<T>' does not implement inherited abstract member generatedAlwaysAs from class 'SingleStoreColumnBuilder<T, object, object, ColumnBuilderExtraConfig>'.
node_modules/drizzle-orm/singlestore-core/columns/datetime.d.ts(16,22): error TS2515: Non-abstract class 'SingleStoreDateTimeBuilder<T>' does not implement inherited abstract member generatedAlwaysAs from class 'SingleStoreColumnBuilder<T, SingleStoreDatetimeConfig<"string" | "date">, object, ColumnBuilderExtraConfig>'.
node_modules/drizzle-orm/singlestore-core/columns/datetime.d.ts(38,22): error TS2515: Non-abstract class 'SingleStoreDateTimeStringBuilder<T>' does not implement inherited abstract member generatedAlwaysAs from class 'SingleStoreColumnBuilder<T, SingleStoreDatetimeConfig<"string" | "date">, object, ColumnBuilderExtraConfig>'.
node_modules/drizzle-orm/singlestore-core/columns/decimal.d.ts(14,22): error TS2515: Non-abstract class 'SingleStoreDecimalBuilder<T>' does not implement inherited abstract member generatedAlwaysAs from class 'SingleStoreColumnBuilderWithAutoIncrement<T, SingleStoreDecimalConfig, ColumnBuilderExtraConfig>'.
node_modules/drizzle-orm/singlestore-core/columns/double.d.ts(14,22): error TS2515: Non-abstract class 'SingleStoreDoubleBuilder<T>' does not implement inherited abstract member generatedAlwaysAs from class 'SingleStoreColumnBuilderWithAutoIncrement<T, SingleStoreDoubleConfig, ColumnBuilderExtraConfig>'.
node_modules/drizzle-orm/singlestore-core/columns/enum.d.ts(19,5): error TS2416: Property 'generatedAlwaysAs' in type 'SingleStoreEnumColumnBuilder<T>' is not assignable to the same property in base type 'SingleStoreColumnBuilder<T, { enumValues: T["enumValues"]; }, object, ColumnBuilderExtraConfig>'.
  Type '(as: SQL<unknown> | (() => SQL<unknown>) | T["data"], config?: Partial<GeneratedColumnConfig<unknown>>) => HasGenerated<this, {}>' is not assignable to type '(as: SQL<unknown> | (() => SQL<unknown>) | T["data"], config?: Partial<GeneratedColumnConfig<unknown>>) => HasGenerated<this, { type: "always"; }>'.
    Type 'HasGenerated<this, {}>' is not assignable to type 'HasGenerated<this, { type: "always"; }>'.
      Type 'HasGenerated<this, {}>' is not assignable to type '{ _: { hasDefault: true; generated: { type: "always"; }; }; }'.
        The types of '_.generated' are incompatible between these types.
          Property 'type' is missing in type '{}' but required in type '{ type: "always"; }'.
node_modules/drizzle-orm/singlestore-core/columns/float.d.ts(14,22): error TS2515: Non-abstract class 'SingleStoreFloatBuilder<T>' does not implement inherited abstract member generatedAlwaysAs from class 'SingleStoreColumnBuilderWithAutoIncrement<T, SingleStoreFloatConfig, ColumnBuilderExtraConfig>'.
node_modules/drizzle-orm/singlestore-core/columns/int.d.ts(14,22): error TS2515: Non-abstract class 'SingleStoreIntBuilder<T>' does not implement inherited abstract member generatedAlwaysAs from class 'SingleStoreColumnBuilderWithAutoIncrement<T, SingleStoreIntConfig, ColumnBuilderExtraConfig>'.
node_modules/drizzle-orm/singlestore-core/columns/json.d.ts(14,22): error TS2515: Non-abstract class 'SingleStoreJsonBuilder<T>' does not implement inherited abstract member generatedAlwaysAs from class 'SingleStoreColumnBuilder<T, object, object, ColumnBuilderExtraConfig>'.
node_modules/drizzle-orm/singlestore-core/columns/mediumint.d.ts(15,22): error TS2515: Non-abstract class 'SingleStoreMediumIntBuilder<T>' does not implement inherited abstract member generatedAlwaysAs from class 'SingleStoreColumnBuilderWithAutoIncrement<T, SingleStoreIntConfig, ColumnBuilderExtraConfig>'.
node_modules/drizzle-orm/singlestore-core/columns/real.d.ts(14,22): error TS2515: Non-abstract class 'SingleStoreRealBuilder<T>' does not implement inherited abstract member generatedAlwaysAs from class 'SingleStoreColumnBuilderWithAutoIncrement<T, SingleStoreRealConfig, ColumnBuilderExtraConfig>'.
node_modules/drizzle-orm/singlestore-core/columns/serial.d.ts(14,22): error TS2515: Non-abstract class 'SingleStoreSerialBuilder<T>' does not implement inherited abstract member generatedAlwaysAs from class 'SingleStoreColumnBuilderWithAutoIncrement<T, object, ColumnBuilderExtraConfig>'.
node_modules/drizzle-orm/singlestore-core/columns/smallint.d.ts(15,22): error TS2515: Non-abstract class 'SingleStoreSmallIntBuilder<T>' does not implement inherited abstract member generatedAlwaysAs from class 'SingleStoreColumnBuilderWithAutoIncrement<T, SingleStoreIntConfig, ColumnBuilderExtraConfig>'.
node_modules/drizzle-orm/singlestore-core/columns/text.d.ts(16,22): error TS2515: Non-abstract class 'SingleStoreTextBuilder<T>' does not implement inherited abstract member generatedAlwaysAs from class 'SingleStoreColumnBuilder<T, { textType: SingleStoreTextColumnType; enumValues: T["enumValues"]; }, object, ColumnBuilderExtraConfig>'.
node_modules/drizzle-orm/singlestore-core/columns/time.d.ts(14,22): error TS2515: Non-abstract class 'SingleStoreTimeBuilder<T>' does not implement inherited abstract member generatedAlwaysAs from class 'SingleStoreColumnBuilder<T, object, object, ColumnBuilderExtraConfig>'.
node_modules/drizzle-orm/singlestore-core/columns/timestamp.d.ts(15,22): error TS2515: Non-abstract class 'SingleStoreTimestampBuilder<T>' does not implement inherited abstract member generatedAlwaysAs from class 'SingleStoreDateColumnBaseBuilder<T, SingleStoreTimestampConfig<"string" | "date">, ColumnBuilderExtraConfig>'.
node_modules/drizzle-orm/singlestore-core/columns/timestamp.d.ts(35,22): error TS2515: Non-abstract class 'SingleStoreTimestampStringBuilder<T>' does not implement inherited abstract member generatedAlwaysAs from class 'SingleStoreDateColumnBaseBuilder<T, SingleStoreTimestampConfig<"string" | "date">, ColumnBuilderExtraConfig>'.
node_modules/drizzle-orm/singlestore-core/columns/tinyint.d.ts(15,22): error TS2515: Non-abstract class 'SingleStoreTinyIntBuilder<T>' does not implement inherited abstract member generatedAlwaysAs from class 'SingleStoreColumnBuilderWithAutoIncrement<T, SingleStoreIntConfig, ColumnBuilderExtraConfig>'.
node_modules/drizzle-orm/singlestore-core/columns/varbinary.d.ts(14,22): error TS2515: Non-abstract class 'SingleStoreVarBinaryBuilder<T>' does not implement inherited abstract member generatedAlwaysAs from class 'SingleStoreColumnBuilder<T, SingleStoreVarbinaryOptions, object, ColumnBuilderExtraConfig>'.
node_modules/drizzle-orm/singlestore-core/columns/varchar.d.ts(16,22): error TS2515: Non-abstract class 'SingleStoreVarCharBuilder<T>' does not implement inherited abstract member generatedAlwaysAs from class 'SingleStoreColumnBuilder<T, SingleStoreVarCharConfig<T["enumValues"], T["length"]>, { length: T["length"]; }, ColumnBuilderExtraConfig>'.
node_modules/drizzle-orm/singlestore-core/columns/vector.d.ts(13,22): error TS2515: Non-abstract class 'SingleStoreVectorBuilder<T>' does not implement inherited abstract member generatedAlwaysAs from class 'SingleStoreColumnBuilder<T, SingleStoreVectorConfig, object, ColumnBuilderExtraConfig>'.
node_modules/drizzle-orm/singlestore-core/columns/year.d.ts(14,22): error TS2515: Non-abstract class 'SingleStoreYearBuilder<T>' does not implement inherited abstract member generatedAlwaysAs from class 'SingleStoreColumnBuilder<T, object, object, ColumnBuilderExtraConfig>'.
node_modules/drizzle-orm/singlestore-core/db.d.ts(1,38): error TS2307: Cannot find module 'mysql2/promise' or its corresponding type declarations.
node_modules/drizzle-orm/singlestore-core/query-builders/delete.d.ts(36,22): error TS2420: Class 'SingleStoreDeleteBase<TTable, TQueryResult, TPreparedQueryHKT, TDynamic, TExcludedMethods>' incorrectly implements interface 'SQLWrapper'.
  Property 'getSQL' is missing in type 'SingleStoreDeleteBase<TTable, TQueryResult, TPreparedQueryHKT, TDynamic, TExcludedMethods>' but required in type 'SQLWrapper'.
node_modules/drizzle-orm/singlestore-core/query-builders/select.d.ts(199,262): error TS2344: Type 'string' does not satisfy the constraint 'keyof this & string'.
  Type 'string' is not assignable to type 'keyof this & string'.
    Type 'string' is not assignable to type 'keyof this'.
      Type '"session"' is not assignable to type '"offset" | "_" | "getSQL" | "as" | "union" | "intersect" | "except" | "where" | "orderBy" | "limit" | "toSQL" | "$dynamic" | "having" | "groupBy" | "leftJoin" | "rightJoin" | "innerJoin" | "fullJoin" | "for" | "unionAll" | "minus"'.
node_modules/drizzle-orm/singlestore-core/query-builders/select.d.ts(225,265): error TS2344: Type 'string' does not satisfy the constraint 'keyof this & string'.
  Type 'string' is not assignable to type 'keyof this & string'.
    Type 'string' is not assignable to type 'keyof this'.
      Type '"session"' is not assignable to type '"offset" | "_" | "getSQL" | "as" | "union" | "intersect" | "except" | "where" | "orderBy" | "limit" | "toSQL" | "$dynamic" | "having" | "groupBy" | "leftJoin" | "rightJoin" | "innerJoin" | "fullJoin" | "for" | "unionAll" | "minus"'.
node_modules/drizzle-orm/singlestore-core/query-builders/select.d.ts(251,266): error TS2344: Type 'string' does not satisfy the constraint 'keyof this & string'.
  Type 'string' is not assignable to type 'keyof this & string'.
    Type 'string' is not assignable to type 'keyof this'.
      Type '"session"' is not assignable to type '"offset" | "_" | "getSQL" | "as" | "union" | "intersect" | "except" | "where" | "orderBy" | "limit" | "toSQL" | "$dynamic" | "having" | "groupBy" | "leftJoin" | "rightJoin" | "innerJoin" | "fullJoin" | "for" | "unionAll" | "minus"'.
node_modules/drizzle-orm/singlestore-core/query-builders/select.d.ts(277,263): error TS2344: Type 'string' does not satisfy the constraint 'keyof this & string'.
  Type 'string' is not assignable to type 'keyof this & string'.
    Type 'string' is not assignable to type 'keyof this'.
      Type '"session"' is not assignable to type '"offset" | "_" | "getSQL" | "as" | "union" | "intersect" | "except" | "where" | "orderBy" | "limit" | "toSQL" | "$dynamic" | "having" | "groupBy" | "leftJoin" | "rightJoin" | "innerJoin" | "fullJoin" | "for" | "unionAll" | "minus"'.
node_modules/drizzle-orm/singlestore-core/query-builders/select.d.ts(301,262): error TS2344: Type 'string' does not satisfy the constraint 'keyof this & string'.
  Type 'string' is not assignable to type 'keyof this & string'.
    Type 'string' is not assignable to type 'keyof this'.
      Type '"session"' is not assignable to type '"offset" | "_" | "getSQL" | "as" | "union" | "intersect" | "except" | "where" | "orderBy" | "limit" | "toSQL" | "$dynamic" | "having" | "groupBy" | "leftJoin" | "rightJoin" | "innerJoin" | "fullJoin" | "for" | "unionAll" | "minus"'.
node_modules/drizzle-orm/singlestore-core/query-builders/select.d.ts(451,22): error TS2515: Non-abstract class 'SingleStoreSelectBase<TTableName, TSelection, TSelectMode, TPreparedQueryHKT, TNullabilityMap, TDynamic, TExcludedMethods, TResult, TSelectedFields>' does not implement inherited abstract member getSQL from class 'SingleStoreSelectQueryBuilderBase<SingleStoreSelectHKT, TTableName, TSelection, TSelectMode, TPreparedQueryHKT, TNullabilityMap, TDynamic, TExcludedMethods, TResult, TSelectedFields>'.
node_modules/drizzle-orm/singlestore-core/query-builders/select.types.d.ts(130,1185): error TS2344: Type 'SingleStoreSetOperatorExcludedMethods' does not satisfy the constraint '"offset" | "_" | "getSQL" | "as" | "union" | "intersect" | "except" | "where" | "orderBy" | "limit" | "toSQL" | "prepare" | "execute" | "iterator" | "$dynamic" | "catch" | "finally" | ... 9 more ... | "minus"'.
  Type '"session"' is not assignable to type '"offset" | "_" | "getSQL" | "as" | "union" | "intersect" | "except" | "where" | "orderBy" | "limit" | "toSQL" | "prepare" | "execute" | "iterator" | "$dynamic" | "catch" | "finally" | ... 9 more ... | "minus"'.
node_modules/drizzle-orm/singlestore/driver.d.ts(1,100): error TS2307: Cannot find module 'mysql2' or its corresponding type declarations.
node_modules/drizzle-orm/singlestore/driver.d.ts(2,39): error TS2307: Cannot find module 'mysql2/promise' or its corresponding type declarations.
node_modules/drizzle-orm/singlestore/session.d.ts(1,94): error TS2307: Cannot find module 'mysql2/promise' or its corresponding type declarations.
node_modules/drizzle-orm/sqlite-core/query-builders/query.d.ts(25,22): error TS2420: Class 'SQLiteRelationalQuery<TType, TResult>' incorrectly implements interface 'SQLWrapper'.
  Property 'getSQL' is missing in type 'SQLiteRelationalQuery<TType, TResult>' but required in type 'SQLWrapper'.
node_modules/drizzle-orm/sqlite-core/query-builders/select.d.ts(202,247): error TS2344: Type 'string' does not satisfy the constraint 'keyof this & string'.
  Type 'string' is not assignable to type 'keyof this & string'.
    Type 'string' is not assignable to type 'keyof this'.
      Type '"config"' is not assignable to type '"offset" | "_" | "getSQL" | "as" | "union" | "intersect" | "except" | "where" | "orderBy" | "limit" | "toSQL" | "$dynamic" | "having" | "groupBy" | "leftJoin" | "rightJoin" | "innerJoin" | "fullJoin" | "unionAll"'.
node_modules/drizzle-orm/sqlite-core/query-builders/select.d.ts(228,250): error TS2344: Type 'string' does not satisfy the constraint 'keyof this & string'.
  Type 'string' is not assignable to type 'keyof this & string'.
    Type 'string' is not assignable to type 'keyof this'.
      Type '"config"' is not assignable to type '"offset" | "_" | "getSQL" | "as" | "union" | "intersect" | "except" | "where" | "orderBy" | "limit" | "toSQL" | "$dynamic" | "having" | "groupBy" | "leftJoin" | "rightJoin" | "innerJoin" | "fullJoin" | "unionAll"'.
node_modules/drizzle-orm/sqlite-core/query-builders/select.d.ts(254,251): error TS2344: Type 'string' does not satisfy the constraint 'keyof this & string'.
  Type 'string' is not assignable to type 'keyof this & string'.
    Type 'string' is not assignable to type 'keyof this'.
      Type '"config"' is not assignable to type '"offset" | "_" | "getSQL" | "as" | "union" | "intersect" | "except" | "where" | "orderBy" | "limit" | "toSQL" | "$dynamic" | "having" | "groupBy" | "leftJoin" | "rightJoin" | "innerJoin" | "fullJoin" | "unionAll"'.
node_modules/drizzle-orm/sqlite-core/query-builders/select.d.ts(280,248): error TS2344: Type 'string' does not satisfy the constraint 'keyof this & string'.
  Type 'string' is not assignable to type 'keyof this & string'.
    Type 'string' is not assignable to type 'keyof this'.
      Type '"config"' is not assignable to type '"offset" | "_" | "getSQL" | "as" | "union" | "intersect" | "except" | "where" | "orderBy" | "limit" | "toSQL" | "$dynamic" | "having" | "groupBy" | "leftJoin" | "rightJoin" | "innerJoin" | "fullJoin" | "unionAll"'.
node_modules/drizzle-orm/sqlite-core/query-builders/select.d.ts(421,22): error TS2515: Non-abstract class 'SQLiteSelectBase<TTableName, TResultType, TRunResult, TSelection, TSelectMode, TNullabilityMap, TDynamic, TExcludedMethods, TResult, TSelectedFields>' does not implement inherited abstract member getSQL from class 'SQLiteSelectQueryBuilderBase<SQLiteSelectHKT, TTableName, TResultType, TRunResult, TSelection, TSelectMode, TNullabilityMap, TDynamic, TExcludedMethods, TResult, TSelectedFields>'.
node_modules/drizzle-orm/sqlite-core/query-builders/select.types.d.ts(122,1157): error TS2344: Type 'SQLiteSetOperatorExcludedMethods' does not satisfy the constraint '"values" | "all" | "offset" | "_" | "getSQL" | "as" | "union" | "intersect" | "except" | "where" | "orderBy" | "limit" | "toSQL" | "prepare" | "execute" | "$dynamic" | "catch" | ... 10 more ... | "get"'.
  Type '"config"' is not assignable to type '"values" | "all" | "offset" | "_" | "getSQL" | "as" | "union" | "intersect" | "except" | "where" | "orderBy" | "limit" | "toSQL" | "prepare" | "execute" | "$dynamic" | "catch" | ... 10 more ... | "get"'.
node_modules/gaxios/build/src/gaxios.d.ts(6,5): error TS18028: Private identifiers are only available when targeting ECMAScript 2015 and higher.
node_modules/google-auth-library/build/src/auth/awsclient.d.ts(84,5): error TS18028: Private identifiers are only available when targeting ECMAScript 2015 and higher.
node_modules/google-auth-library/build/src/auth/baseexternalclient.d.ts(176,5): error TS18028: Private identifiers are only available when targeting ECMAScript 2015 and higher.
node_modules/google-auth-library/build/src/auth/googleauth.d.ts(90,5): error TS18028: Private identifiers are only available when targeting ECMAScript 2015 and higher.
node_modules/google-auth-library/build/src/util.d.ts(134,5): error TS18028: Private identifiers are only available when targeting ECMAScript 2015 and higher.
node_modules/gtoken/build/src/index.d.ts(38,5): error TS18028: Private identifiers are only available when targeting ECMAScript 2015 and higher.
server/services/firebase-admin.ts(1,8): error TS1259: Module '"C:/Users/TOP/Desktop/createAI/createAI_v1/node_modules/firebase-admin/lib/index"' can only be default-imported using the 'esModuleInterop' flag
server/services/notifications.ts(6,20): error TS2307: Cannot find module '@db' or its corresponding type declarations.
server/services/notifications.ts(14,8): error TS2307: Cannot find module '@shared/schema.ts' or its corresponding type declarations.
server/services/notifications.ts(51,40): error TS2307: Cannot find module '@shared/schema.ts' or its corresponding type declarations.
server/services/push/push.service.ts(2,20): error TS2307: Cannot find module '@db' or its corresponding type declarations.
shared/schema.ts(593,3): error TS2322: Type '(schema: any) => any' is not assignable to type 'DrizzleTypeError<"Found unknown key in refinement: \"password\"">'.
shared/schema.ts(594,3): error TS2322: Type '(schema: any) => any' is not assignable to type 'DrizzleTypeError<"Found unknown key in refinement: \"email\"">'.
shared/schema.ts(618,3): error TS2322: Type '(schema: any) => any' is not assignable to type 'DrizzleTypeError<"Found unknown key in refinement: \"url\"">'.
shared/schema.ts(625,58): error TS2345: Argument of type 'unknown[]' is not assignable to parameter of type 'string'.
shared/schema.ts(629,51): error TS2345: Argument of type 'unknown[]' is not assignable to parameter of type 'string'.
shared/schema.ts(649,3): error TS2322: Type '() => z.ZodOptional<z.ZodArray<z.ZodEnum<["openai", "gemini_3", "gemini_3_1"]>, "many">>' is not assignable to type 'DrizzleTypeError<"Found unknown key in refinement: \"availableModels\"">'.
shared/schema.ts(650,3): error TS2322: Type '() => z.ZodOptional<z.ZodRecord<z.ZodString, z.ZodArray<z.ZodString, "many">>>' is not assignable to type 'DrizzleTypeError<"Found unknown key in refinement: \"availableAspectRatios\"">'.
shared/schema.ts(661,3): error TS2322: Type '(schema: any) => any' is not assignable to type 'DrizzleTypeError<"Found unknown key in refinement: \"type\"">'.
shared/schema.ts(669,3): error TS2353: Object literal may only specify known properties, and 'status' does not exist in type 'NoUnknownKeys<{ userId?: ZodTypeAny | ((schema: ZodArray<ZodArray<ZodArray<ZodArray<ZodArray<ZodArray<ZodArray<ZodArray<ZodArray<ZodArray<ZodArray<..., "many">, "many">, "many">, "many">, "many">, "many">, "many">, "many">, "many">, "many">, "many">) => ZodTypeAny); milestoneId?: ZodTypeAny | ((schema: ZodArray<...>...'.
shared/schema.ts(932,3): error TS2322: Type '(schema: any) => any' is not assignable to type 'DrizzleTypeError<"Found unknown key in refinement: \"styleId\"">'.
shared/schema.ts(968,6): error TS2339: Property 'regex' does not exist on type 'ZodArray<ZodArray<ZodArray<ZodArray<ZodArray<ZodArray<ZodArray<ZodArray<ZodArray<ZodArray<ZodArray<..., "many">, "many">, "many">, "many">, "many">, "many">, "many">, "many">, "many">, "many">, "many">'.
shared/schema.ts(970,3): error TS2322: Type '(schema: any) => any' is not assignable to type 'DrizzleTypeError<"Found unknown key in refinement: \"description\"">'.
shared/schema.ts(971,3): error TS2322: Type '(schema: any) => any' is not assignable to type 'DrizzleTypeError<"Found unknown key in refinement: \"prompt\"">'.
shared/schema.ts(1000,78): error TS2345: Argument of type 'unknown[]' is not assignable to parameter of type 'string'.
shared/schema.ts(1003,84): error TS2345: Argument of type 'unknown[]' is not assignable to parameter of type 'string'.
shared/schema.ts(1006,3): error TS2322: Type '(schema: any) => any' is not assignable to type 'DrizzleTypeError<"Found unknown key in refinement: \"format\"">'.
shared/schema.ts(1033,3): error TS2353: Object literal may only specify known properties, and 'theme' does not exist in type 'NoUnknownKeys<{ userId?: ZodTypeAny | ((schema: ZodArray<ZodArray<ZodArray<ZodArray<ZodArray<ZodArray<ZodArray<ZodArray<ZodArray<ZodArray<ZodArray<..., "many">, "many">, "many">, "many">, "many">, "many">, "many">, "many">, "many">, "many">, "many">) => ZodTypeAny); }, { ...; }>'.
shared/schema.ts(1595,3): error TS2741: Property '$drizzleTypeError' is missing in type 'ZodEnum<["public", "hospital", "dev"]>' but required in type 'DrizzleTypeError<"Found unknown key in refinement: \"visibilityType\"">'.
shared/schema.ts(1596,3): error TS2741: Property '$drizzleTypeError' is missing in type 'ZodOptional<ZodNullable<ZodEffects<ZodUnion<[ZodString, ZodDate, ZodNull]>, Date, string | Date>>>' but required in type 'DrizzleTypeError<"Found unknown key in refinement: \"startDate\"">'.
shared/schema.ts(1602,3): error TS2741: Property '$drizzleTypeError' is missing in type 'ZodOptional<ZodNullable<ZodEffects<ZodUnion<[ZodString, ZodDate, ZodNull]>, Date, string | Date>>>' but required in type 'DrizzleTypeError<"Found unknown key in refinement: \"endDate\"">'.
shared/schema.ts(1608,3): error TS2741: Property '$drizzleTypeError' is missing in type 'ZodOptional<ZodNullable<ZodEffects<ZodUnion<[ZodString, ZodDate, ZodNull]>, Date, string | Date>>>' but required in type 'DrizzleTypeError<"Found unknown key in refinement: \"eventDate\"">'.
shared/schema.ts(1614,3): error TS2741: Property '$drizzleTypeError' is missing in type 'ZodOptional<ZodNullable<ZodEffects<ZodUnion<[ZodString, ZodDate, ZodNull]>, Date, string | Date>>>' but required in type 'DrizzleTypeError<"Found unknown key in refinement: \"eventEndTime\"">'.
shared/schema.ts(1620,3): error TS2741: Property '$drizzleTypeError' is missing in type 'ZodDefault<ZodOptional<ZodArray<ZodObject<{ title: ZodString; content: ZodString; }, "strip", ZodTypeAny, { content?: string; title?: string; }, { content?: string; title?: string; }>, "many">>>' but required in type 'DrizzleTypeError<"Found unknown key in refinement: \"noticeItems\"">'.
shared/schema.ts(1627,14): error TS2339: Property 'visibilityType' does not exist on type '{ title?: any; description?: any; missionId?: any; }'.
shared/schema.ts(1628,19): error TS2339: Property 'hospitalId' does not exist on type '{ title?: any; description?: any; missionId?: any; }'.
shared/schema.ts(1628,47): error TS2339: Property 'hospitalId' does not exist on type '{ title?: any; description?: any; missionId?: any; }'.
shared/schema.ts(1640,3): error TS2741: Property '$drizzleTypeError' is missing in type 'ZodArray<ZodEnum<["file", "link", "text", "image", "studio_submit", "attendance"]>, "many">' but required in type 'DrizzleTypeError<"Found unknown key in refinement: \"submissionTypes\"">'.
shared/schema.ts(1641,3): error TS2741: Property '$drizzleTypeError' is missing in type 'ZodOptional<ZodNullable<ZodEffects<ZodUnion<[ZodString, ZodDate, ZodNull]>, Date, string | Date>>>' but required in type 'DrizzleTypeError<"Found unknown key in refinement: \"startDate\"">'.
shared/schema.ts(1647,3): error TS2741: Property '$drizzleTypeError' is missing in type 'ZodOptional<ZodNullable<ZodEffects<ZodUnion<[ZodString, ZodDate, ZodNull]>, Date, string | Date>>>' but required in type 'DrizzleTypeError<"Found unknown key in refinement: \"endDate\"">'.
shared/schema.ts(1656,3): error TS2353: Object literal may only specify known properties, and 'status' does not exist in type 'NoUnknownKeys<{ userId?: ZodTypeAny | ((schema: ZodArray<ZodArray<ZodArray<ZodArray<ZodArray<ZodArray<ZodArray<ZodArray<ZodArray<ZodArray<ZodArray<..., "many">, "many">, "many">, "many">, "many">, "many">, "many">, "many">, "many">, "many">, "many">) => ZodTypeAny); themeMissionId?: ZodTypeAny | ((schema: ZodArray<....'.
shared/schema.ts(1750,3): error TS2741: Property '$drizzleTypeError' is missing in type 'ZodLiteral<1>' but required in type 'DrizzleTypeError<"Found unknown key in refinement: \"id\"">'.
shared/schema.ts(1751,3): error TS2741: Property '$drizzleTypeError' is missing in type 'ZodEnum<["openai", "gemini_3", "gemini_3_1"]>' but required in type 'DrizzleTypeError<"Found unknown key in refinement: \"defaultAiModel\"">'.
shared/schema.ts(1752,3): error TS2741: Property '$drizzleTypeError' is missing in type 'ZodArray<ZodEnum<["openai", "gemini_3", "gemini_3_1"]>, "many">' but required in type 'DrizzleTypeError<"Found unknown key in refinement: \"supportedAiModels\"">'.
shared/schema.ts(1753,3): error TS2741: Property '$drizzleTypeError' is missing in type 'ZodEnum<["openai", "gemini_3", "gemini_3_1"]>' but required in type 'DrizzleTypeError<"Found unknown key in refinement: \"clientDefaultModel\"">'.
shared/schema.ts(2037,3): error TS2353: Object literal may only specify known properties, and 'title' does not exist in type 'NoUnknownKeys<{ userId?: ZodTypeAny | ((schema: ZodArray<ZodArray<ZodArray<ZodArray<ZodArray<ZodArray<ZodArray<ZodArray<ZodArray<ZodArray<ZodArray<..., "many">, "many">, "many">, "many">, "many">, "many">, "many">, "many">, "many">, "many">, "many">) => ZodTypeAny); }, { ...; }>'.
shared/schema.ts(2128,3): error TS2741: Property '$drizzleTypeError' is missing in type 'ZodEnum<["square", "portrait", "landscape"]>' but required in type 'DrizzleTypeError<"Found unknown key in refinement: \"aspectRatio\"">'.
shared/schema.ts(2242,3): error TS2353: Object literal may only specify known properties, and 'title' does not exist in type 'NoUnknownKeys<{ userId?: ZodTypeAny | ((schema: ZodArray<ZodArray<ZodArray<ZodArray<ZodArray<ZodArray<ZodArray<ZodArray<ZodArray<ZodArray<ZodArray<..., "many">, "many">, "many">, "many">, "many">, "many">, "many">, "many">, "many">, "many">, "many">) => ZodTypeAny); categoryId?: ZodTypeAny | ((schema: ZodArray<...>)...'.
