client/src/components/admin/BannerManagement.tsx(356,9): error TS2322: Type '{ isOpen: boolean; onClose: () => void; mode: "edit"; data: { title: string; description: string; imageSrc: string; href: string; isNew: boolean; isActive: boolean; sortOrder: number; slideInterval: number; transitionEffect: "fade" | ... 3 more ... | "flip"; } | undefined; onSubmit: (values: { ...; }) => void; isPen...' is not assignable to type 'IntrinsicAttributes & BannerFormModalProps'.
  Property 'data' does not exist on type 'IntrinsicAttributes & BannerFormModalProps'.
client/src/components/admin/BannerManagement.tsx(380,9): error TS2322: Type '{ isOpen: boolean; onClose: () => void; title: string; description: string; itemName: string | undefined; itemDescription: string | undefined; onConfirm: () => Promise<void>; isPending: boolean; }' is not assignable to type 'IntrinsicAttributes & DeleteConfirmModalProps'.
  Property 'itemName' does not exist on type 'IntrinsicAttributes & DeleteConfirmModalProps'.
client/src/components/admin/CategoryManagement.tsx(125,18): error TS7006: Parameter 'data' implicitly has an 'any' type.
client/src/components/admin/CategoryManagement.tsx(135,18): error TS7006: Parameter 'data' implicitly has an 'any' type.
client/src/components/admin/MissionManagement.tsx(1060,23): error TS2345: Argument of type 'MissionFolder[] | undefined' is not assignable to parameter of type 'SetStateAction<MissionFolder[]>'.
  Type 'undefined' is not assignable to type 'SetStateAction<MissionFolder[]>'.
client/src/components/admin/MissionManagement.tsx(2479,31): error TS2488: Type 'MissionFolder[] | undefined' must have a '[Symbol.iterator]()' method that returns an iterator.
client/src/components/admin/PersonaCategoryManagement.tsx(100,30): error TS18046: 'categories' is of type 'unknown'.
client/src/components/admin/PersonaCategoryManagement.tsx(100,46): error TS7006: Parameter 'c' implicitly has an 'any' type.
client/src/components/admin/PersonaCategoryManagement.tsx(140,39): error TS2339: Property 'length' does not exist on type '{}'.
client/src/components/admin/PersonaCategoryManagement.tsx(153,41): error TS2339: Property 'map' does not exist on type '{}'.
client/src/components/admin/PersonaCategoryManagement.tsx(153,46): error TS7006: Parameter 'category' implicitly has an 'any' type.
client/src/components/admin/PersonaCategoryManagement.tsx(207,9): error TS2322: Type '{ name: string; description: string; categoryId: string; emoji: string; id?: number | undefined; order?: number | null | undefined; isActive?: boolean | undefined; createdAt?: Date | undefined; updatedAt?: Date | undefined; }' is not assignable to type 'AsyncDefaultValues<{ name: string; order: number; description: string; categoryId: string; isActive: boolean; emoji: string; }> | { name?: string | undefined; order?: number | undefined; description?: string | undefined; categoryId?: string | undefined; isActive?: boolean | undefined; emoji?: string | undefined; } |...'.
  Type '{ name: string; description: string; categoryId: string; emoji: string; id?: number | undefined; order?: number | null | undefined; isActive?: boolean | undefined; createdAt?: Date | undefined; updatedAt?: Date | undefined; }' is not assignable to type '{ name?: string | undefined; order?: number | undefined; description?: string | undefined; categoryId?: string | undefined; isActive?: boolean | undefined; emoji?: string | undefined; }'.
    Types of property 'order' are incompatible.
      Type 'number | null | undefined' is not assignable to type 'number | undefined'.
        Type 'null' is not assignable to type 'number | undefined'.
client/src/components/admin/PersonaCategoryManagement.tsx(263,47): error TS2345: Argument of type '(values: { name: string; order: number; description: string; categoryId: string; isActive: boolean; emoji: string; }) => void' is not assignable to parameter of type 'SubmitHandler<TFieldValues>'.
  Types of parameters 'values' and 'data' are incompatible.
    Type 'TFieldValues' is not assignable to type '{ name: string; order: number; description: string; categoryId: string; isActive: boolean; emoji: string; }'.
      Type 'FieldValues' is missing the following properties from type '{ name: string; order: number; description: string; categoryId: string; isActive: boolean; emoji: string; }': name, order, description, categoryId, and 2 more.
client/src/components/admin/PersonaCategoryManagement.tsx(265,21): error TS2322: Type 'Control<{ name: string; order: number; description: string; categoryId: string; isActive: boolean; emoji: string; }, any, TFieldValues>' is not assignable to type 'Control<{ name: string; order: number; description: string; categoryId: string; isActive: boolean; emoji: string; }, any, { name: string; order: number; description: string; categoryId: string; isActive: boolean; emoji: string; }>'.
  The types of '_options.resolver' are incompatible between these types.
    Type 'Resolver<{ name: string; order: number; description: string; categoryId: string; isActive: boolean; emoji: string; }, any, TFieldValues> | undefined' is not assignable to type 'Resolver<{ name: string; order: number; description: string; categoryId: string; isActive: boolean; emoji: string; }, any, { name: string; order: number; description: string; categoryId: string; isActive: boolean; emoji: string; }> | undefined'.
      Type 'Resolver<{ name: string; order: number; description: string; categoryId: string; isActive: boolean; emoji: string; }, any, TFieldValues>' is not assignable to type 'Resolver<{ name: string; order: number; description: string; categoryId: string; isActive: boolean; emoji: string; }, any, { name: string; order: number; description: string; categoryId: string; isActive: boolean; emoji: string; }>'.
        Type 'ResolverResult<{ name: string; order: number; description: string; categoryId: string; isActive: boolean; emoji: string; }, TFieldValues> | Promise<ResolverResult<{ name: string; ... 4 more ...; emoji: string; }, TFieldValues>>' is not assignable to type 'ResolverResult<{ name: string; order: number; description: string; categoryId: string; isActive: boolean; emoji: string; }, { name: string; order: number; description: string; categoryId: string; isActive: boolean; emoji: string; }> | Promise<...>'.
          Type 'ResolverSuccess<TFieldValues>' is not assignable to type 'ResolverResult<{ name: string; order: number; description: string; categoryId: string; isActive: boolean; emoji: string; }, { name: string; order: number; description: string; categoryId: string; isActive: boolean; emoji: string; }> | Promise<...>'.
            Type 'ResolverSuccess<TFieldValues>' is not assignable to type 'ResolverSuccess<{ name: string; order: number; description: string; categoryId: string; isActive: boolean; emoji: string; }>'.
              Type 'TFieldValues' is not assignable to type '{ name: string; order: number; description: string; categoryId: string; isActive: boolean; emoji: string; }'.
                Type 'FieldValues' is missing the following properties from type '{ name: string; order: number; description: string; categoryId: string; isActive: boolean; emoji: string; }': name, order, description, categoryId, and 2 more.
client/src/components/admin/PersonaCategoryManagement.tsx(283,21): error TS2322: Type 'Control<{ name: string; order: number; description: string; categoryId: string; isActive: boolean; emoji: string; }, any, TFieldValues>' is not assignable to type 'Control<{ name: string; order: number; description: string; categoryId: string; isActive: boolean; emoji: string; }, any, { name: string; order: number; description: string; categoryId: string; isActive: boolean; emoji: string; }>'.
  The types of '_options.resolver' are incompatible between these types.
    Type 'Resolver<{ name: string; order: number; description: string; categoryId: string; isActive: boolean; emoji: string; }, any, TFieldValues> | undefined' is not assignable to type 'Resolver<{ name: string; order: number; description: string; categoryId: string; isActive: boolean; emoji: string; }, any, { name: string; order: number; description: string; categoryId: string; isActive: boolean; emoji: string; }> | undefined'.
      Type 'Resolver<{ name: string; order: number; description: string; categoryId: string; isActive: boolean; emoji: string; }, any, TFieldValues>' is not assignable to type 'Resolver<{ name: string; order: number; description: string; categoryId: string; isActive: boolean; emoji: string; }, any, { name: string; order: number; description: string; categoryId: string; isActive: boolean; emoji: string; }>'.
        Type 'ResolverResult<{ name: string; order: number; description: string; categoryId: string; isActive: boolean; emoji: string; }, TFieldValues> | Promise<ResolverResult<{ name: string; ... 4 more ...; emoji: string; }, TFieldValues>>' is not assignable to type 'ResolverResult<{ name: string; order: number; description: string; categoryId: string; isActive: boolean; emoji: string; }, { name: string; order: number; description: string; categoryId: string; isActive: boolean; emoji: string; }> | Promise<...>'.
          Type 'ResolverSuccess<TFieldValues>' is not assignable to type 'ResolverResult<{ name: string; order: number; description: string; categoryId: string; isActive: boolean; emoji: string; }, { name: string; order: number; description: string; categoryId: string; isActive: boolean; emoji: string; }> | Promise<...>'.
            Type 'ResolverSuccess<TFieldValues>' is not assignable to type 'ResolverSuccess<{ name: string; order: number; description: string; categoryId: string; isActive: boolean; emoji: string; }>'.
              Type 'TFieldValues' is not assignable to type '{ name: string; order: number; description: string; categoryId: string; isActive: boolean; emoji: string; }'.
                Type 'FieldValues' is missing the following properties from type '{ name: string; order: number; description: string; categoryId: string; isActive: boolean; emoji: string; }': name, order, description, categoryId, and 2 more.
client/src/components/admin/PersonaCategoryManagement.tsx(297,21): error TS2322: Type 'Control<{ name: string; order: number; description: string; categoryId: string; isActive: boolean; emoji: string; }, any, TFieldValues>' is not assignable to type 'Control<{ name: string; order: number; description: string; categoryId: string; isActive: boolean; emoji: string; }, any, { name: string; order: number; description: string; categoryId: string; isActive: boolean; emoji: string; }>'.
  The types of '_options.resolver' are incompatible between these types.
    Type 'Resolver<{ name: string; order: number; description: string; categoryId: string; isActive: boolean; emoji: string; }, any, TFieldValues> | undefined' is not assignable to type 'Resolver<{ name: string; order: number; description: string; categoryId: string; isActive: boolean; emoji: string; }, any, { name: string; order: number; description: string; categoryId: string; isActive: boolean; emoji: string; }> | undefined'.
      Type 'Resolver<{ name: string; order: number; description: string; categoryId: string; isActive: boolean; emoji: string; }, any, TFieldValues>' is not assignable to type 'Resolver<{ name: string; order: number; description: string; categoryId: string; isActive: boolean; emoji: string; }, any, { name: string; order: number; description: string; categoryId: string; isActive: boolean; emoji: string; }>'.
        Type 'ResolverResult<{ name: string; order: number; description: string; categoryId: string; isActive: boolean; emoji: string; }, TFieldValues> | Promise<ResolverResult<{ name: string; ... 4 more ...; emoji: string; }, TFieldValues>>' is not assignable to type 'ResolverResult<{ name: string; order: number; description: string; categoryId: string; isActive: boolean; emoji: string; }, { name: string; order: number; description: string; categoryId: string; isActive: boolean; emoji: string; }> | Promise<...>'.
          Type 'ResolverSuccess<TFieldValues>' is not assignable to type 'ResolverResult<{ name: string; order: number; description: string; categoryId: string; isActive: boolean; emoji: string; }, { name: string; order: number; description: string; categoryId: string; isActive: boolean; emoji: string; }> | Promise<...>'.
            Type 'ResolverSuccess<TFieldValues>' is not assignable to type 'ResolverSuccess<{ name: string; order: number; description: string; categoryId: string; isActive: boolean; emoji: string; }>'.
              Type 'TFieldValues' is not assignable to type '{ name: string; order: number; description: string; categoryId: string; isActive: boolean; emoji: string; }'.
                Type 'FieldValues' is missing the following properties from type '{ name: string; order: number; description: string; categoryId: string; isActive: boolean; emoji: string; }': name, order, description, categoryId, and 2 more.
client/src/components/admin/PersonaCategoryManagement.tsx(311,21): error TS2322: Type 'Control<{ name: string; order: number; description: string; categoryId: string; isActive: boolean; emoji: string; }, any, TFieldValues>' is not assignable to type 'Control<{ name: string; order: number; description: string; categoryId: string; isActive: boolean; emoji: string; }, any, { name: string; order: number; description: string; categoryId: string; isActive: boolean; emoji: string; }>'.
  The types of '_options.resolver' are incompatible between these types.
    Type 'Resolver<{ name: string; order: number; description: string; categoryId: string; isActive: boolean; emoji: string; }, any, TFieldValues> | undefined' is not assignable to type 'Resolver<{ name: string; order: number; description: string; categoryId: string; isActive: boolean; emoji: string; }, any, { name: string; order: number; description: string; categoryId: string; isActive: boolean; emoji: string; }> | undefined'.
      Type 'Resolver<{ name: string; order: number; description: string; categoryId: string; isActive: boolean; emoji: string; }, any, TFieldValues>' is not assignable to type 'Resolver<{ name: string; order: number; description: string; categoryId: string; isActive: boolean; emoji: string; }, any, { name: string; order: number; description: string; categoryId: string; isActive: boolean; emoji: string; }>'.
        Type 'ResolverResult<{ name: string; order: number; description: string; categoryId: string; isActive: boolean; emoji: string; }, TFieldValues> | Promise<ResolverResult<{ name: string; ... 4 more ...; emoji: string; }, TFieldValues>>' is not assignable to type 'ResolverResult<{ name: string; order: number; description: string; categoryId: string; isActive: boolean; emoji: string; }, { name: string; order: number; description: string; categoryId: string; isActive: boolean; emoji: string; }> | Promise<...>'.
          Type 'ResolverSuccess<TFieldValues>' is not assignable to type 'ResolverResult<{ name: string; order: number; description: string; categoryId: string; isActive: boolean; emoji: string; }, { name: string; order: number; description: string; categoryId: string; isActive: boolean; emoji: string; }> | Promise<...>'.
            Type 'ResolverSuccess<TFieldValues>' is not assignable to type 'ResolverSuccess<{ name: string; order: number; description: string; categoryId: string; isActive: boolean; emoji: string; }>'.
              Type 'TFieldValues' is not assignable to type '{ name: string; order: number; description: string; categoryId: string; isActive: boolean; emoji: string; }'.
                Type 'FieldValues' is missing the following properties from type '{ name: string; order: number; description: string; categoryId: string; isActive: boolean; emoji: string; }': name, order, description, categoryId, and 2 more.
client/src/components/admin/PersonaCategoryManagement.tsx(326,25): error TS2322: Type 'Control<{ name: string; order: number; description: string; categoryId: string; isActive: boolean; emoji: string; }, any, TFieldValues>' is not assignable to type 'Control<{ name: string; order: number; description: string; categoryId: string; isActive: boolean; emoji: string; }, any, { name: string; order: number; description: string; categoryId: string; isActive: boolean; emoji: string; }>'.
  The types of '_options.resolver' are incompatible between these types.
    Type 'Resolver<{ name: string; order: number; description: string; categoryId: string; isActive: boolean; emoji: string; }, any, TFieldValues> | undefined' is not assignable to type 'Resolver<{ name: string; order: number; description: string; categoryId: string; isActive: boolean; emoji: string; }, any, { name: string; order: number; description: string; categoryId: string; isActive: boolean; emoji: string; }> | undefined'.
      Type 'Resolver<{ name: string; order: number; description: string; categoryId: string; isActive: boolean; emoji: string; }, any, TFieldValues>' is not assignable to type 'Resolver<{ name: string; order: number; description: string; categoryId: string; isActive: boolean; emoji: string; }, any, { name: string; order: number; description: string; categoryId: string; isActive: boolean; emoji: string; }>'.
        Type 'ResolverResult<{ name: string; order: number; description: string; categoryId: string; isActive: boolean; emoji: string; }, TFieldValues> | Promise<ResolverResult<{ name: string; ... 4 more ...; emoji: string; }, TFieldValues>>' is not assignable to type 'ResolverResult<{ name: string; order: number; description: string; categoryId: string; isActive: boolean; emoji: string; }, { name: string; order: number; description: string; categoryId: string; isActive: boolean; emoji: string; }> | Promise<...>'.
          Type 'ResolverSuccess<TFieldValues>' is not assignable to type 'ResolverResult<{ name: string; order: number; description: string; categoryId: string; isActive: boolean; emoji: string; }, { name: string; order: number; description: string; categoryId: string; isActive: boolean; emoji: string; }> | Promise<...>'.
            Type 'ResolverSuccess<TFieldValues>' is not assignable to type 'ResolverSuccess<{ name: string; order: number; description: string; categoryId: string; isActive: boolean; emoji: string; }>'.
              Type 'TFieldValues' is not assignable to type '{ name: string; order: number; description: string; categoryId: string; isActive: boolean; emoji: string; }'.
                Type 'FieldValues' is missing the following properties from type '{ name: string; order: number; description: string; categoryId: string; isActive: boolean; emoji: string; }': name, order, description, categoryId, and 2 more.
client/src/components/admin/PersonaCategoryManagement.tsx(344,25): error TS2322: Type 'Control<{ name: string; order: number; description: string; categoryId: string; isActive: boolean; emoji: string; }, any, TFieldValues>' is not assignable to type 'Control<{ name: string; order: number; description: string; categoryId: string; isActive: boolean; emoji: string; }, any, { name: string; order: number; description: string; categoryId: string; isActive: boolean; emoji: string; }>'.
  The types of '_options.resolver' are incompatible between these types.
    Type 'Resolver<{ name: string; order: number; description: string; categoryId: string; isActive: boolean; emoji: string; }, any, TFieldValues> | undefined' is not assignable to type 'Resolver<{ name: string; order: number; description: string; categoryId: string; isActive: boolean; emoji: string; }, any, { name: string; order: number; description: string; categoryId: string; isActive: boolean; emoji: string; }> | undefined'.
      Type 'Resolver<{ name: string; order: number; description: string; categoryId: string; isActive: boolean; emoji: string; }, any, TFieldValues>' is not assignable to type 'Resolver<{ name: string; order: number; description: string; categoryId: string; isActive: boolean; emoji: string; }, any, { name: string; order: number; description: string; categoryId: string; isActive: boolean; emoji: string; }>'.
        Type 'ResolverResult<{ name: string; order: number; description: string; categoryId: string; isActive: boolean; emoji: string; }, TFieldValues> | Promise<ResolverResult<{ name: string; ... 4 more ...; emoji: string; }, TFieldValues>>' is not assignable to type 'ResolverResult<{ name: string; order: number; description: string; categoryId: string; isActive: boolean; emoji: string; }, { name: string; order: number; description: string; categoryId: string; isActive: boolean; emoji: string; }> | Promise<...>'.
          Type 'ResolverSuccess<TFieldValues>' is not assignable to type 'ResolverResult<{ name: string; order: number; description: string; categoryId: string; isActive: boolean; emoji: string; }, { name: string; order: number; description: string; categoryId: string; isActive: boolean; emoji: string; }> | Promise<...>'.
            Type 'ResolverSuccess<TFieldValues>' is not assignable to type 'ResolverSuccess<{ name: string; order: number; description: string; categoryId: string; isActive: boolean; emoji: string; }>'.
              Type 'TFieldValues' is not assignable to type '{ name: string; order: number; description: string; categoryId: string; isActive: boolean; emoji: string; }'.
                Type 'FieldValues' is missing the following properties from type '{ name: string; order: number; description: string; categoryId: string; isActive: boolean; emoji: string; }': name, order, description, categoryId, and 2 more.
client/src/components/admin/PersonaManagement.tsx(129,23): error TS18046: 'personas' is of type 'unknown'.
client/src/components/admin/PersonaManagement.tsx(129,37): error TS7006: Parameter 'p' implicitly has an 'any' type.
client/src/components/admin/PersonaManagement.tsx(154,23): error TS18046: 'personas' is of type 'unknown'.
client/src/components/admin/PersonaManagement.tsx(154,37): error TS7006: Parameter 'p' implicitly has an 'any' type.
client/src/components/admin/PersonaManagement.tsx(200,29): error TS2339: Property 'length' does not exist on type '{}'.
client/src/components/admin/PersonaManagement.tsx(214,25): error TS2339: Property 'map' does not exist on type '{}'.
client/src/components/admin/PersonaManagement.tsx(214,30): error TS7006: Parameter 'persona' implicitly has an 'any' type.
client/src/components/admin/PersonaManagement.tsx(227,107): error TS7006: Parameter 'categoryId' implicitly has an 'any' type.
client/src/components/admin/PersonaManagement.tsx(228,54): error TS2339: Property 'find' does not exist on type '{}'.
client/src/components/admin/PersonaManagement.tsx(228,59): error TS7006: Parameter 'c' implicitly has an 'any' type.
client/src/components/admin/PersonaManagement.tsx(296,5): error TS2322: Type '{ name: string; description: string; systemPrompt: string; personaId: string; avatarEmoji: string; welcomeMessage: string; primaryColor: string; secondaryColor: string; id?: number | undefined; ... 11 more ...; useCount?: number | undefined; }' is not assignable to type 'AsyncDefaultValues<{ name: string; order: number; description: string; isActive: boolean; systemPrompt: string; personaId: string; avatarEmoji: string; welcomeMessage: string; primaryColor: string; secondaryColor: string; ... 6 more ...; categories?: string[] | undefined; }> | { ...; } | undefined'.
  Type '{ name: string; description: string; systemPrompt: string; personaId: string; avatarEmoji: string; welcomeMessage: string; primaryColor: string; secondaryColor: string; id?: number | undefined; ... 11 more ...; useCount?: number | undefined; }' is not assignable to type '{ name?: string | undefined; order?: number | undefined; description?: string | undefined; isActive?: boolean | undefined; systemPrompt?: string | undefined; personaId?: string | undefined; ... 10 more ...; categories?: (string | undefined)[] | undefined; }'.
    Types of property 'order' are incompatible.
      Type 'number | null | undefined' is not assignable to type 'number | undefined'.
        Type 'null' is not assignable to type 'number | undefined'.
client/src/components/admin/PersonaManagement.tsx(381,41): error TS2345: Argument of type '(values: { name: string; order: number; description: string; isActive: boolean; systemPrompt: string; personaId: string; avatarEmoji: string; welcomeMessage: string; primaryColor: string; secondaryColor: string; ... 6 more ...; categories?: string[] | undefined; }) => void' is not assignable to parameter of type 'SubmitHandler<TFieldValues>'.
  Types of parameters 'values' and 'data' are incompatible.
    Type 'TFieldValues' is not assignable to type '{ name: string; order: number; description: string; isActive: boolean; systemPrompt: string; personaId: string; avatarEmoji: string; welcomeMessage: string; primaryColor: string; secondaryColor: string; ... 6 more ...; categories?: string[] | undefined; }'.
      Type 'FieldValues' is missing the following properties from type '{ name: string; order: number; description: string; isActive: boolean; systemPrompt: string; personaId: string; avatarEmoji: string; welcomeMessage: string; primaryColor: string; secondaryColor: string; ... 6 more ...; categories?: string[] | undefined; }': name, order, description, isActive, and 8 more.
client/src/components/admin/PersonaManagement.tsx(390,17): error TS2322: Type 'Control<{ name: string; order: number; description: string; isActive: boolean; systemPrompt: string; personaId: string; avatarEmoji: string; welcomeMessage: string; primaryColor: string; secondaryColor: string; ... 6 more ...; categories?: string[] | undefined; }, any, TFieldValues>' is not assignable to type 'Control<{ name: string; order: number; description: string; isActive: boolean; systemPrompt: string; personaId: string; avatarEmoji: string; welcomeMessage: string; primaryColor: string; secondaryColor: string; ... 6 more ...; categories?: string[] | undefined; }, any, { ...; }>'.
  The types of '_options.resolver' are incompatible between these types.
    Type 'Resolver<{ name: string; order: number; description: string; isActive: boolean; systemPrompt: string; personaId: string; avatarEmoji: string; welcomeMessage: string; primaryColor: string; secondaryColor: string; ... 6 more ...; categories?: string[] | undefined; }, any, TFieldValues> | undefined' is not assignable to type 'Resolver<{ name: string; order: number; description: string; isActive: boolean; systemPrompt: string; personaId: string; avatarEmoji: string; welcomeMessage: string; primaryColor: string; secondaryColor: string; ... 6 more ...; categories?: string[] | undefined; }, any, { ...; }> | undefined'.
      Type 'Resolver<{ name: string; order: number; description: string; isActive: boolean; systemPrompt: string; personaId: string; avatarEmoji: string; welcomeMessage: string; primaryColor: string; secondaryColor: string; ... 6 more ...; categories?: string[] | undefined; }, any, TFieldValues>' is not assignable to type 'Resolver<{ name: string; order: number; description: string; isActive: boolean; systemPrompt: string; personaId: string; avatarEmoji: string; welcomeMessage: string; primaryColor: string; secondaryColor: string; ... 6 more ...; categories?: string[] | undefined; }, any, { ...; }>'.
        Type 'ResolverResult<{ name: string; order: number; description: string; isActive: boolean; systemPrompt: string; personaId: string; avatarEmoji: string; welcomeMessage: string; primaryColor: string; secondaryColor: string; ... 6 more ...; categories?: string[] | undefined; }, TFieldValues> | Promise<...>' is not assignable to type 'ResolverResult<{ name: string; order: number; description: string; isActive: boolean; systemPrompt: string; personaId: string; avatarEmoji: string; welcomeMessage: string; primaryColor: string; secondaryColor: string; ... 6 more ...; categories?: string[] | undefined; }, { ...; }> | Promise<...>'.
          Type 'ResolverSuccess<TFieldValues>' is not assignable to type 'ResolverResult<{ name: string; order: number; description: string; isActive: boolean; systemPrompt: string; personaId: string; avatarEmoji: string; welcomeMessage: string; primaryColor: string; secondaryColor: string; ... 6 more ...; categories?: string[] | undefined; }, { ...; }> | Promise<...>'.
            Type 'ResolverSuccess<TFieldValues>' is not assignable to type 'ResolverSuccess<{ name: string; order: number; description: string; isActive: boolean; systemPrompt: string; personaId: string; avatarEmoji: string; welcomeMessage: string; primaryColor: string; secondaryColor: string; ... 6 more ...; categories?: string[] | undefined; }>'.
              Type 'TFieldValues' is not assignable to type '{ name: string; order: number; description: string; isActive: boolean; systemPrompt: string; personaId: string; avatarEmoji: string; welcomeMessage: string; primaryColor: string; secondaryColor: string; ... 6 more ...; categories?: string[] | undefined; }'.
                Type 'FieldValues' is missing the following properties from type '{ name: string; order: number; description: string; isActive: boolean; systemPrompt: string; personaId: string; avatarEmoji: string; welcomeMessage: string; primaryColor: string; secondaryColor: string; ... 6 more ...; categories?: string[] | undefined; }': name, order, description, isActive, and 8 more.
client/src/components/admin/PersonaManagement.tsx(408,17): error TS2322: Type 'Control<{ name: string; order: number; description: string; isActive: boolean; systemPrompt: string; personaId: string; avatarEmoji: string; welcomeMessage: string; primaryColor: string; secondaryColor: string; ... 6 more ...; categories?: string[] | undefined; }, any, TFieldValues>' is not assignable to type 'Control<{ name: string; order: number; description: string; isActive: boolean; systemPrompt: string; personaId: string; avatarEmoji: string; welcomeMessage: string; primaryColor: string; secondaryColor: string; ... 6 more ...; categories?: string[] | undefined; }, any, { ...; }>'.
  The types of '_options.resolver' are incompatible between these types.
    Type 'Resolver<{ name: string; order: number; description: string; isActive: boolean; systemPrompt: string; personaId: string; avatarEmoji: string; welcomeMessage: string; primaryColor: string; secondaryColor: string; ... 6 more ...; categories?: string[] | undefined; }, any, TFieldValues> | undefined' is not assignable to type 'Resolver<{ name: string; order: number; description: string; isActive: boolean; systemPrompt: string; personaId: string; avatarEmoji: string; welcomeMessage: string; primaryColor: string; secondaryColor: string; ... 6 more ...; categories?: string[] | undefined; }, any, { ...; }> | undefined'.
      Type 'Resolver<{ name: string; order: number; description: string; isActive: boolean; systemPrompt: string; personaId: string; avatarEmoji: string; welcomeMessage: string; primaryColor: string; secondaryColor: string; ... 6 more ...; categories?: string[] | undefined; }, any, TFieldValues>' is not assignable to type 'Resolver<{ name: string; order: number; description: string; isActive: boolean; systemPrompt: string; personaId: string; avatarEmoji: string; welcomeMessage: string; primaryColor: string; secondaryColor: string; ... 6 more ...; categories?: string[] | undefined; }, any, { ...; }>'.
        Type 'ResolverResult<{ name: string; order: number; description: string; isActive: boolean; systemPrompt: string; personaId: string; avatarEmoji: string; welcomeMessage: string; primaryColor: string; secondaryColor: string; ... 6 more ...; categories?: string[] | undefined; }, TFieldValues> | Promise<...>' is not assignable to type 'ResolverResult<{ name: string; order: number; description: string; isActive: boolean; systemPrompt: string; personaId: string; avatarEmoji: string; welcomeMessage: string; primaryColor: string; secondaryColor: string; ... 6 more ...; categories?: string[] | undefined; }, { ...; }> | Promise<...>'.
          Type 'ResolverSuccess<TFieldValues>' is not assignable to type 'ResolverResult<{ name: string; order: number; description: string; isActive: boolean; systemPrompt: string; personaId: string; avatarEmoji: string; welcomeMessage: string; primaryColor: string; secondaryColor: string; ... 6 more ...; categories?: string[] | undefined; }, { ...; }> | Promise<...>'.
            Type 'ResolverSuccess<TFieldValues>' is not assignable to type 'ResolverSuccess<{ name: string; order: number; description: string; isActive: boolean; systemPrompt: string; personaId: string; avatarEmoji: string; welcomeMessage: string; primaryColor: string; secondaryColor: string; ... 6 more ...; categories?: string[] | undefined; }>'.
              Type 'TFieldValues' is not assignable to type '{ name: string; order: number; description: string; isActive: boolean; systemPrompt: string; personaId: string; avatarEmoji: string; welcomeMessage: string; primaryColor: string; secondaryColor: string; ... 6 more ...; categories?: string[] | undefined; }'.
                Type 'FieldValues' is missing the following properties from type '{ name: string; order: number; description: string; isActive: boolean; systemPrompt: string; personaId: string; avatarEmoji: string; welcomeMessage: string; primaryColor: string; secondaryColor: string; ... 6 more ...; categories?: string[] | undefined; }': name, order, description, isActive, and 8 more.
client/src/components/admin/PersonaManagement.tsx(422,17): error TS2322: Type 'Control<{ name: string; order: number; description: string; isActive: boolean; systemPrompt: string; personaId: string; avatarEmoji: string; welcomeMessage: string; primaryColor: string; secondaryColor: string; ... 6 more ...; categories?: string[] | undefined; }, any, TFieldValues>' is not assignable to type 'Control<{ name: string; order: number; description: string; isActive: boolean; systemPrompt: string; personaId: string; avatarEmoji: string; welcomeMessage: string; primaryColor: string; secondaryColor: string; ... 6 more ...; categories?: string[] | undefined; }, any, { ...; }>'.
  The types of '_options.resolver' are incompatible between these types.
    Type 'Resolver<{ name: string; order: number; description: string; isActive: boolean; systemPrompt: string; personaId: string; avatarEmoji: string; welcomeMessage: string; primaryColor: string; secondaryColor: string; ... 6 more ...; categories?: string[] | undefined; }, any, TFieldValues> | undefined' is not assignable to type 'Resolver<{ name: string; order: number; description: string; isActive: boolean; systemPrompt: string; personaId: string; avatarEmoji: string; welcomeMessage: string; primaryColor: string; secondaryColor: string; ... 6 more ...; categories?: string[] | undefined; }, any, { ...; }> | undefined'.
      Type 'Resolver<{ name: string; order: number; description: string; isActive: boolean; systemPrompt: string; personaId: string; avatarEmoji: string; welcomeMessage: string; primaryColor: string; secondaryColor: string; ... 6 more ...; categories?: string[] | undefined; }, any, TFieldValues>' is not assignable to type 'Resolver<{ name: string; order: number; description: string; isActive: boolean; systemPrompt: string; personaId: string; avatarEmoji: string; welcomeMessage: string; primaryColor: string; secondaryColor: string; ... 6 more ...; categories?: string[] | undefined; }, any, { ...; }>'.
        Type 'ResolverResult<{ name: string; order: number; description: string; isActive: boolean; systemPrompt: string; personaId: string; avatarEmoji: string; welcomeMessage: string; primaryColor: string; secondaryColor: string; ... 6 more ...; categories?: string[] | undefined; }, TFieldValues> | Promise<...>' is not assignable to type 'ResolverResult<{ name: string; order: number; description: string; isActive: boolean; systemPrompt: string; personaId: string; avatarEmoji: string; welcomeMessage: string; primaryColor: string; secondaryColor: string; ... 6 more ...; categories?: string[] | undefined; }, { ...; }> | Promise<...>'.
          Type 'ResolverSuccess<TFieldValues>' is not assignable to type 'ResolverResult<{ name: string; order: number; description: string; isActive: boolean; systemPrompt: string; personaId: string; avatarEmoji: string; welcomeMessage: string; primaryColor: string; secondaryColor: string; ... 6 more ...; categories?: string[] | undefined; }, { ...; }> | Promise<...>'.
            Type 'ResolverSuccess<TFieldValues>' is not assignable to type 'ResolverSuccess<{ name: string; order: number; description: string; isActive: boolean; systemPrompt: string; personaId: string; avatarEmoji: string; welcomeMessage: string; primaryColor: string; secondaryColor: string; ... 6 more ...; categories?: string[] | undefined; }>'.
              Type 'TFieldValues' is not assignable to type '{ name: string; order: number; description: string; isActive: boolean; systemPrompt: string; personaId: string; avatarEmoji: string; welcomeMessage: string; primaryColor: string; secondaryColor: string; ... 6 more ...; categories?: string[] | undefined; }'.
                Type 'FieldValues' is missing the following properties from type '{ name: string; order: number; description: string; isActive: boolean; systemPrompt: string; personaId: string; avatarEmoji: string; welcomeMessage: string; primaryColor: string; secondaryColor: string; ... 6 more ...; categories?: string[] | undefined; }': name, order, description, isActive, and 8 more.
client/src/components/admin/PersonaManagement.tsx(436,17): error TS2322: Type 'Control<{ name: string; order: number; description: string; isActive: boolean; systemPrompt: string; personaId: string; avatarEmoji: string; welcomeMessage: string; primaryColor: string; secondaryColor: string; ... 6 more ...; categories?: string[] | undefined; }, any, TFieldValues>' is not assignable to type 'Control<{ name: string; order: number; description: string; isActive: boolean; systemPrompt: string; personaId: string; avatarEmoji: string; welcomeMessage: string; primaryColor: string; secondaryColor: string; ... 6 more ...; categories?: string[] | undefined; }, any, { ...; }>'.
  The types of '_options.resolver' are incompatible between these types.
    Type 'Resolver<{ name: string; order: number; description: string; isActive: boolean; systemPrompt: string; personaId: string; avatarEmoji: string; welcomeMessage: string; primaryColor: string; secondaryColor: string; ... 6 more ...; categories?: string[] | undefined; }, any, TFieldValues> | undefined' is not assignable to type 'Resolver<{ name: string; order: number; description: string; isActive: boolean; systemPrompt: string; personaId: string; avatarEmoji: string; welcomeMessage: string; primaryColor: string; secondaryColor: string; ... 6 more ...; categories?: string[] | undefined; }, any, { ...; }> | undefined'.
      Type 'Resolver<{ name: string; order: number; description: string; isActive: boolean; systemPrompt: string; personaId: string; avatarEmoji: string; welcomeMessage: string; primaryColor: string; secondaryColor: string; ... 6 more ...; categories?: string[] | undefined; }, any, TFieldValues>' is not assignable to type 'Resolver<{ name: string; order: number; description: string; isActive: boolean; systemPrompt: string; personaId: string; avatarEmoji: string; welcomeMessage: string; primaryColor: string; secondaryColor: string; ... 6 more ...; categories?: string[] | undefined; }, any, { ...; }>'.
        Type 'ResolverResult<{ name: string; order: number; description: string; isActive: boolean; systemPrompt: string; personaId: string; avatarEmoji: string; welcomeMessage: string; primaryColor: string; secondaryColor: string; ... 6 more ...; categories?: string[] | undefined; }, TFieldValues> | Promise<...>' is not assignable to type 'ResolverResult<{ name: string; order: number; description: string; isActive: boolean; systemPrompt: string; personaId: string; avatarEmoji: string; welcomeMessage: string; primaryColor: string; secondaryColor: string; ... 6 more ...; categories?: string[] | undefined; }, { ...; }> | Promise<...>'.
          Type 'ResolverSuccess<TFieldValues>' is not assignable to type 'ResolverResult<{ name: string; order: number; description: string; isActive: boolean; systemPrompt: string; personaId: string; avatarEmoji: string; welcomeMessage: string; primaryColor: string; secondaryColor: string; ... 6 more ...; categories?: string[] | undefined; }, { ...; }> | Promise<...>'.
            Type 'ResolverSuccess<TFieldValues>' is not assignable to type 'ResolverSuccess<{ name: string; order: number; description: string; isActive: boolean; systemPrompt: string; personaId: string; avatarEmoji: string; welcomeMessage: string; primaryColor: string; secondaryColor: string; ... 6 more ...; categories?: string[] | undefined; }>'.
              Type 'TFieldValues' is not assignable to type '{ name: string; order: number; description: string; isActive: boolean; systemPrompt: string; personaId: string; avatarEmoji: string; welcomeMessage: string; primaryColor: string; secondaryColor: string; ... 6 more ...; categories?: string[] | undefined; }'.
                Type 'FieldValues' is missing the following properties from type '{ name: string; order: number; description: string; isActive: boolean; systemPrompt: string; personaId: string; avatarEmoji: string; welcomeMessage: string; primaryColor: string; secondaryColor: string; ... 6 more ...; categories?: string[] | undefined; }': name, order, description, isActive, and 8 more.
client/src/components/admin/PersonaManagement.tsx(459,17): error TS2322: Type 'Control<{ name: string; order: number; description: string; isActive: boolean; systemPrompt: string; personaId: string; avatarEmoji: string; welcomeMessage: string; primaryColor: string; secondaryColor: string; ... 6 more ...; categories?: string[] | undefined; }, any, TFieldValues>' is not assignable to type 'Control<{ name: string; order: number; description: string; isActive: boolean; systemPrompt: string; personaId: string; avatarEmoji: string; welcomeMessage: string; primaryColor: string; secondaryColor: string; ... 6 more ...; categories?: string[] | undefined; }, any, { ...; }>'.
  The types of '_options.resolver' are incompatible between these types.
    Type 'Resolver<{ name: string; order: number; description: string; isActive: boolean; systemPrompt: string; personaId: string; avatarEmoji: string; welcomeMessage: string; primaryColor: string; secondaryColor: string; ... 6 more ...; categories?: string[] | undefined; }, any, TFieldValues> | undefined' is not assignable to type 'Resolver<{ name: string; order: number; description: string; isActive: boolean; systemPrompt: string; personaId: string; avatarEmoji: string; welcomeMessage: string; primaryColor: string; secondaryColor: string; ... 6 more ...; categories?: string[] | undefined; }, any, { ...; }> | undefined'.
      Type 'Resolver<{ name: string; order: number; description: string; isActive: boolean; systemPrompt: string; personaId: string; avatarEmoji: string; welcomeMessage: string; primaryColor: string; secondaryColor: string; ... 6 more ...; categories?: string[] | undefined; }, any, TFieldValues>' is not assignable to type 'Resolver<{ name: string; order: number; description: string; isActive: boolean; systemPrompt: string; personaId: string; avatarEmoji: string; welcomeMessage: string; primaryColor: string; secondaryColor: string; ... 6 more ...; categories?: string[] | undefined; }, any, { ...; }>'.
        Type 'ResolverResult<{ name: string; order: number; description: string; isActive: boolean; systemPrompt: string; personaId: string; avatarEmoji: string; welcomeMessage: string; primaryColor: string; secondaryColor: string; ... 6 more ...; categories?: string[] | undefined; }, TFieldValues> | Promise<...>' is not assignable to type 'ResolverResult<{ name: string; order: number; description: string; isActive: boolean; systemPrompt: string; personaId: string; avatarEmoji: string; welcomeMessage: string; primaryColor: string; secondaryColor: string; ... 6 more ...; categories?: string[] | undefined; }, { ...; }> | Promise<...>'.
          Type 'ResolverSuccess<TFieldValues>' is not assignable to type 'ResolverResult<{ name: string; order: number; description: string; isActive: boolean; systemPrompt: string; personaId: string; avatarEmoji: string; welcomeMessage: string; primaryColor: string; secondaryColor: string; ... 6 more ...; categories?: string[] | undefined; }, { ...; }> | Promise<...>'.
            Type 'ResolverSuccess<TFieldValues>' is not assignable to type 'ResolverSuccess<{ name: string; order: number; description: string; isActive: boolean; systemPrompt: string; personaId: string; avatarEmoji: string; welcomeMessage: string; primaryColor: string; secondaryColor: string; ... 6 more ...; categories?: string[] | undefined; }>'.
              Type 'TFieldValues' is not assignable to type '{ name: string; order: number; description: string; isActive: boolean; systemPrompt: string; personaId: string; avatarEmoji: string; welcomeMessage: string; primaryColor: string; secondaryColor: string; ... 6 more ...; categories?: string[] | undefined; }'.
                Type 'FieldValues' is missing the following properties from type '{ name: string; order: number; description: string; isActive: boolean; systemPrompt: string; personaId: string; avatarEmoji: string; welcomeMessage: string; primaryColor: string; secondaryColor: string; ... 6 more ...; categories?: string[] | undefined; }': name, order, description, isActive, and 8 more.
client/src/components/admin/PersonaManagement.tsx(477,17): error TS2322: Type 'Control<{ name: string; order: number; description: string; isActive: boolean; systemPrompt: string; personaId: string; avatarEmoji: string; welcomeMessage: string; primaryColor: string; secondaryColor: string; ... 6 more ...; categories?: string[] | undefined; }, any, TFieldValues>' is not assignable to type 'Control<{ name: string; order: number; description: string; isActive: boolean; systemPrompt: string; personaId: string; avatarEmoji: string; welcomeMessage: string; primaryColor: string; secondaryColor: string; ... 6 more ...; categories?: string[] | undefined; }, any, { ...; }>'.
  The types of '_options.resolver' are incompatible between these types.
    Type 'Resolver<{ name: string; order: number; description: string; isActive: boolean; systemPrompt: string; personaId: string; avatarEmoji: string; welcomeMessage: string; primaryColor: string; secondaryColor: string; ... 6 more ...; categories?: string[] | undefined; }, any, TFieldValues> | undefined' is not assignable to type 'Resolver<{ name: string; order: number; description: string; isActive: boolean; systemPrompt: string; personaId: string; avatarEmoji: string; welcomeMessage: string; primaryColor: string; secondaryColor: string; ... 6 more ...; categories?: string[] | undefined; }, any, { ...; }> | undefined'.
      Type 'Resolver<{ name: string; order: number; description: string; isActive: boolean; systemPrompt: string; personaId: string; avatarEmoji: string; welcomeMessage: string; primaryColor: string; secondaryColor: string; ... 6 more ...; categories?: string[] | undefined; }, any, TFieldValues>' is not assignable to type 'Resolver<{ name: string; order: number; description: string; isActive: boolean; systemPrompt: string; personaId: string; avatarEmoji: string; welcomeMessage: string; primaryColor: string; secondaryColor: string; ... 6 more ...; categories?: string[] | undefined; }, any, { ...; }>'.
        Type 'ResolverResult<{ name: string; order: number; description: string; isActive: boolean; systemPrompt: string; personaId: string; avatarEmoji: string; welcomeMessage: string; primaryColor: string; secondaryColor: string; ... 6 more ...; categories?: string[] | undefined; }, TFieldValues> | Promise<...>' is not assignable to type 'ResolverResult<{ name: string; order: number; description: string; isActive: boolean; systemPrompt: string; personaId: string; avatarEmoji: string; welcomeMessage: string; primaryColor: string; secondaryColor: string; ... 6 more ...; categories?: string[] | undefined; }, { ...; }> | Promise<...>'.
          Type 'ResolverSuccess<TFieldValues>' is not assignable to type 'ResolverResult<{ name: string; order: number; description: string; isActive: boolean; systemPrompt: string; personaId: string; avatarEmoji: string; welcomeMessage: string; primaryColor: string; secondaryColor: string; ... 6 more ...; categories?: string[] | undefined; }, { ...; }> | Promise<...>'.
            Type 'ResolverSuccess<TFieldValues>' is not assignable to type 'ResolverSuccess<{ name: string; order: number; description: string; isActive: boolean; systemPrompt: string; personaId: string; avatarEmoji: string; welcomeMessage: string; primaryColor: string; secondaryColor: string; ... 6 more ...; categories?: string[] | undefined; }>'.
              Type 'TFieldValues' is not assignable to type '{ name: string; order: number; description: string; isActive: boolean; systemPrompt: string; personaId: string; avatarEmoji: string; welcomeMessage: string; primaryColor: string; secondaryColor: string; ... 6 more ...; categories?: string[] | undefined; }'.
                Type 'FieldValues' is missing the following properties from type '{ name: string; order: number; description: string; isActive: boolean; systemPrompt: string; personaId: string; avatarEmoji: string; welcomeMessage: string; primaryColor: string; secondaryColor: string; ... 6 more ...; categories?: string[] | undefined; }': name, order, description, isActive, and 8 more.
client/src/components/admin/PersonaManagement.tsx(504,19): error TS2322: Type 'Control<{ name: string; order: number; description: string; isActive: boolean; systemPrompt: string; personaId: string; avatarEmoji: string; welcomeMessage: string; primaryColor: string; secondaryColor: string; ... 6 more ...; categories?: string[] | undefined; }, any, TFieldValues>' is not assignable to type 'Control<{ name: string; order: number; description: string; isActive: boolean; systemPrompt: string; personaId: string; avatarEmoji: string; welcomeMessage: string; primaryColor: string; secondaryColor: string; ... 6 more ...; categories?: string[] | undefined; }, any, { ...; }>'.
  The types of '_options.resolver' are incompatible between these types.
    Type 'Resolver<{ name: string; order: number; description: string; isActive: boolean; systemPrompt: string; personaId: string; avatarEmoji: string; welcomeMessage: string; primaryColor: string; secondaryColor: string; ... 6 more ...; categories?: string[] | undefined; }, any, TFieldValues> | undefined' is not assignable to type 'Resolver<{ name: string; order: number; description: string; isActive: boolean; systemPrompt: string; personaId: string; avatarEmoji: string; welcomeMessage: string; primaryColor: string; secondaryColor: string; ... 6 more ...; categories?: string[] | undefined; }, any, { ...; }> | undefined'.
      Type 'Resolver<{ name: string; order: number; description: string; isActive: boolean; systemPrompt: string; personaId: string; avatarEmoji: string; welcomeMessage: string; primaryColor: string; secondaryColor: string; ... 6 more ...; categories?: string[] | undefined; }, any, TFieldValues>' is not assignable to type 'Resolver<{ name: string; order: number; description: string; isActive: boolean; systemPrompt: string; personaId: string; avatarEmoji: string; welcomeMessage: string; primaryColor: string; secondaryColor: string; ... 6 more ...; categories?: string[] | undefined; }, any, { ...; }>'.
        Type 'ResolverResult<{ name: string; order: number; description: string; isActive: boolean; systemPrompt: string; personaId: string; avatarEmoji: string; welcomeMessage: string; primaryColor: string; secondaryColor: string; ... 6 more ...; categories?: string[] | undefined; }, TFieldValues> | Promise<...>' is not assignable to type 'ResolverResult<{ name: string; order: number; description: string; isActive: boolean; systemPrompt: string; personaId: string; avatarEmoji: string; welcomeMessage: string; primaryColor: string; secondaryColor: string; ... 6 more ...; categories?: string[] | undefined; }, { ...; }> | Promise<...>'.
          Type 'ResolverSuccess<TFieldValues>' is not assignable to type 'ResolverResult<{ name: string; order: number; description: string; isActive: boolean; systemPrompt: string; personaId: string; avatarEmoji: string; welcomeMessage: string; primaryColor: string; secondaryColor: string; ... 6 more ...; categories?: string[] | undefined; }, { ...; }> | Promise<...>'.
            Type 'ResolverSuccess<TFieldValues>' is not assignable to type 'ResolverSuccess<{ name: string; order: number; description: string; isActive: boolean; systemPrompt: string; personaId: string; avatarEmoji: string; welcomeMessage: string; primaryColor: string; secondaryColor: string; ... 6 more ...; categories?: string[] | undefined; }>'.
              Type 'TFieldValues' is not assignable to type '{ name: string; order: number; description: string; isActive: boolean; systemPrompt: string; personaId: string; avatarEmoji: string; welcomeMessage: string; primaryColor: string; secondaryColor: string; ... 6 more ...; categories?: string[] | undefined; }'.
                Type 'FieldValues' is missing the following properties from type '{ name: string; order: number; description: string; isActive: boolean; systemPrompt: string; personaId: string; avatarEmoji: string; welcomeMessage: string; primaryColor: string; secondaryColor: string; ... 6 more ...; categories?: string[] | undefined; }': name, order, description, isActive, and 8 more.
client/src/components/admin/PersonaManagement.tsx(530,19): error TS2322: Type 'Control<{ name: string; order: number; description: string; isActive: boolean; systemPrompt: string; personaId: string; avatarEmoji: string; welcomeMessage: string; primaryColor: string; secondaryColor: string; ... 6 more ...; categories?: string[] | undefined; }, any, TFieldValues>' is not assignable to type 'Control<{ name: string; order: number; description: string; isActive: boolean; systemPrompt: string; personaId: string; avatarEmoji: string; welcomeMessage: string; primaryColor: string; secondaryColor: string; ... 6 more ...; categories?: string[] | undefined; }, any, { ...; }>'.
  The types of '_options.resolver' are incompatible between these types.
    Type 'Resolver<{ name: string; order: number; description: string; isActive: boolean; systemPrompt: string; personaId: string; avatarEmoji: string; welcomeMessage: string; primaryColor: string; secondaryColor: string; ... 6 more ...; categories?: string[] | undefined; }, any, TFieldValues> | undefined' is not assignable to type 'Resolver<{ name: string; order: number; description: string; isActive: boolean; systemPrompt: string; personaId: string; avatarEmoji: string; welcomeMessage: string; primaryColor: string; secondaryColor: string; ... 6 more ...; categories?: string[] | undefined; }, any, { ...; }> | undefined'.
      Type 'Resolver<{ name: string; order: number; description: string; isActive: boolean; systemPrompt: string; personaId: string; avatarEmoji: string; welcomeMessage: string; primaryColor: string; secondaryColor: string; ... 6 more ...; categories?: string[] | undefined; }, any, TFieldValues>' is not assignable to type 'Resolver<{ name: string; order: number; description: string; isActive: boolean; systemPrompt: string; personaId: string; avatarEmoji: string; welcomeMessage: string; primaryColor: string; secondaryColor: string; ... 6 more ...; categories?: string[] | undefined; }, any, { ...; }>'.
        Type 'ResolverResult<{ name: string; order: number; description: string; isActive: boolean; systemPrompt: string; personaId: string; avatarEmoji: string; welcomeMessage: string; primaryColor: string; secondaryColor: string; ... 6 more ...; categories?: string[] | undefined; }, TFieldValues> | Promise<...>' is not assignable to type 'ResolverResult<{ name: string; order: number; description: string; isActive: boolean; systemPrompt: string; personaId: string; avatarEmoji: string; welcomeMessage: string; primaryColor: string; secondaryColor: string; ... 6 more ...; categories?: string[] | undefined; }, { ...; }> | Promise<...>'.
          Type 'ResolverSuccess<TFieldValues>' is not assignable to type 'ResolverResult<{ name: string; order: number; description: string; isActive: boolean; systemPrompt: string; personaId: string; avatarEmoji: string; welcomeMessage: string; primaryColor: string; secondaryColor: string; ... 6 more ...; categories?: string[] | undefined; }, { ...; }> | Promise<...>'.
            Type 'ResolverSuccess<TFieldValues>' is not assignable to type 'ResolverSuccess<{ name: string; order: number; description: string; isActive: boolean; systemPrompt: string; personaId: string; avatarEmoji: string; welcomeMessage: string; primaryColor: string; secondaryColor: string; ... 6 more ...; categories?: string[] | undefined; }>'.
              Type 'TFieldValues' is not assignable to type '{ name: string; order: number; description: string; isActive: boolean; systemPrompt: string; personaId: string; avatarEmoji: string; welcomeMessage: string; primaryColor: string; secondaryColor: string; ... 6 more ...; categories?: string[] | undefined; }'.
                Type 'FieldValues' is missing the following properties from type '{ name: string; order: number; description: string; isActive: boolean; systemPrompt: string; personaId: string; avatarEmoji: string; welcomeMessage: string; primaryColor: string; secondaryColor: string; ... 6 more ...; categories?: string[] | undefined; }': name, order, description, isActive, and 8 more.
client/src/components/admin/PersonaManagement.tsx(562,17): error TS2322: Type 'Control<{ name: string; order: number; description: string; isActive: boolean; systemPrompt: string; personaId: string; avatarEmoji: string; welcomeMessage: string; primaryColor: string; secondaryColor: string; ... 6 more ...; categories?: string[] | undefined; }, any, TFieldValues>' is not assignable to type 'Control<{ name: string; order: number; description: string; isActive: boolean; systemPrompt: string; personaId: string; avatarEmoji: string; welcomeMessage: string; primaryColor: string; secondaryColor: string; ... 6 more ...; categories?: string[] | undefined; }, any, { ...; }>'.
  The types of '_options.resolver' are incompatible between these types.
    Type 'Resolver<{ name: string; order: number; description: string; isActive: boolean; systemPrompt: string; personaId: string; avatarEmoji: string; welcomeMessage: string; primaryColor: string; secondaryColor: string; ... 6 more ...; categories?: string[] | undefined; }, any, TFieldValues> | undefined' is not assignable to type 'Resolver<{ name: string; order: number; description: string; isActive: boolean; systemPrompt: string; personaId: string; avatarEmoji: string; welcomeMessage: string; primaryColor: string; secondaryColor: string; ... 6 more ...; categories?: string[] | undefined; }, any, { ...; }> | undefined'.
      Type 'Resolver<{ name: string; order: number; description: string; isActive: boolean; systemPrompt: string; personaId: string; avatarEmoji: string; welcomeMessage: string; primaryColor: string; secondaryColor: string; ... 6 more ...; categories?: string[] | undefined; }, any, TFieldValues>' is not assignable to type 'Resolver<{ name: string; order: number; description: string; isActive: boolean; systemPrompt: string; personaId: string; avatarEmoji: string; welcomeMessage: string; primaryColor: string; secondaryColor: string; ... 6 more ...; categories?: string[] | undefined; }, any, { ...; }>'.
        Type 'ResolverResult<{ name: string; order: number; description: string; isActive: boolean; systemPrompt: string; personaId: string; avatarEmoji: string; welcomeMessage: string; primaryColor: string; secondaryColor: string; ... 6 more ...; categories?: string[] | undefined; }, TFieldValues> | Promise<...>' is not assignable to type 'ResolverResult<{ name: string; order: number; description: string; isActive: boolean; systemPrompt: string; personaId: string; avatarEmoji: string; welcomeMessage: string; primaryColor: string; secondaryColor: string; ... 6 more ...; categories?: string[] | undefined; }, { ...; }> | Promise<...>'.
          Type 'ResolverSuccess<TFieldValues>' is not assignable to type 'ResolverResult<{ name: string; order: number; description: string; isActive: boolean; systemPrompt: string; personaId: string; avatarEmoji: string; welcomeMessage: string; primaryColor: string; secondaryColor: string; ... 6 more ...; categories?: string[] | undefined; }, { ...; }> | Promise<...>'.
            Type 'ResolverSuccess<TFieldValues>' is not assignable to type 'ResolverSuccess<{ name: string; order: number; description: string; isActive: boolean; systemPrompt: string; personaId: string; avatarEmoji: string; welcomeMessage: string; primaryColor: string; secondaryColor: string; ... 6 more ...; categories?: string[] | undefined; }>'.
              Type 'TFieldValues' is not assignable to type '{ name: string; order: number; description: string; isActive: boolean; systemPrompt: string; personaId: string; avatarEmoji: string; welcomeMessage: string; primaryColor: string; secondaryColor: string; ... 6 more ...; categories?: string[] | undefined; }'.
                Type 'FieldValues' is missing the following properties from type '{ name: string; order: number; description: string; isActive: boolean; systemPrompt: string; personaId: string; avatarEmoji: string; welcomeMessage: string; primaryColor: string; secondaryColor: string; ... 6 more ...; categories?: string[] | undefined; }': name, order, description, isActive, and 8 more.
client/src/components/admin/PersonaManagement.tsx(576,17): error TS2322: Type 'Control<{ name: string; order: number; description: string; isActive: boolean; systemPrompt: string; personaId: string; avatarEmoji: string; welcomeMessage: string; primaryColor: string; secondaryColor: string; ... 6 more ...; categories?: string[] | undefined; }, any, TFieldValues>' is not assignable to type 'Control<{ name: string; order: number; description: string; isActive: boolean; systemPrompt: string; personaId: string; avatarEmoji: string; welcomeMessage: string; primaryColor: string; secondaryColor: string; ... 6 more ...; categories?: string[] | undefined; }, any, { ...; }>'.
  The types of '_options.resolver' are incompatible between these types.
    Type 'Resolver<{ name: string; order: number; description: string; isActive: boolean; systemPrompt: string; personaId: string; avatarEmoji: string; welcomeMessage: string; primaryColor: string; secondaryColor: string; ... 6 more ...; categories?: string[] | undefined; }, any, TFieldValues> | undefined' is not assignable to type 'Resolver<{ name: string; order: number; description: string; isActive: boolean; systemPrompt: string; personaId: string; avatarEmoji: string; welcomeMessage: string; primaryColor: string; secondaryColor: string; ... 6 more ...; categories?: string[] | undefined; }, any, { ...; }> | undefined'.
      Type 'Resolver<{ name: string; order: number; description: string; isActive: boolean; systemPrompt: string; personaId: string; avatarEmoji: string; welcomeMessage: string; primaryColor: string; secondaryColor: string; ... 6 more ...; categories?: string[] | undefined; }, any, TFieldValues>' is not assignable to type 'Resolver<{ name: string; order: number; description: string; isActive: boolean; systemPrompt: string; personaId: string; avatarEmoji: string; welcomeMessage: string; primaryColor: string; secondaryColor: string; ... 6 more ...; categories?: string[] | undefined; }, any, { ...; }>'.
        Type 'ResolverResult<{ name: string; order: number; description: string; isActive: boolean; systemPrompt: string; personaId: string; avatarEmoji: string; welcomeMessage: string; primaryColor: string; secondaryColor: string; ... 6 more ...; categories?: string[] | undefined; }, TFieldValues> | Promise<...>' is not assignable to type 'ResolverResult<{ name: string; order: number; description: string; isActive: boolean; systemPrompt: string; personaId: string; avatarEmoji: string; welcomeMessage: string; primaryColor: string; secondaryColor: string; ... 6 more ...; categories?: string[] | undefined; }, { ...; }> | Promise<...>'.
          Type 'ResolverSuccess<TFieldValues>' is not assignable to type 'ResolverResult<{ name: string; order: number; description: string; isActive: boolean; systemPrompt: string; personaId: string; avatarEmoji: string; welcomeMessage: string; primaryColor: string; secondaryColor: string; ... 6 more ...; categories?: string[] | undefined; }, { ...; }> | Promise<...>'.
            Type 'ResolverSuccess<TFieldValues>' is not assignable to type 'ResolverSuccess<{ name: string; order: number; description: string; isActive: boolean; systemPrompt: string; personaId: string; avatarEmoji: string; welcomeMessage: string; primaryColor: string; secondaryColor: string; ... 6 more ...; categories?: string[] | undefined; }>'.
              Type 'TFieldValues' is not assignable to type '{ name: string; order: number; description: string; isActive: boolean; systemPrompt: string; personaId: string; avatarEmoji: string; welcomeMessage: string; primaryColor: string; secondaryColor: string; ... 6 more ...; categories?: string[] | undefined; }'.
                Type 'FieldValues' is missing the following properties from type '{ name: string; order: number; description: string; isActive: boolean; systemPrompt: string; personaId: string; avatarEmoji: string; welcomeMessage: string; primaryColor: string; secondaryColor: string; ... 6 more ...; categories?: string[] | undefined; }': name, order, description, isActive, and 8 more.
client/src/components/admin/PersonaManagement.tsx(590,17): error TS2322: Type 'Control<{ name: string; order: number; description: string; isActive: boolean; systemPrompt: string; personaId: string; avatarEmoji: string; welcomeMessage: string; primaryColor: string; secondaryColor: string; ... 6 more ...; categories?: string[] | undefined; }, any, TFieldValues>' is not assignable to type 'Control<{ name: string; order: number; description: string; isActive: boolean; systemPrompt: string; personaId: string; avatarEmoji: string; welcomeMessage: string; primaryColor: string; secondaryColor: string; ... 6 more ...; categories?: string[] | undefined; }, any, { ...; }>'.
  The types of '_options.resolver' are incompatible between these types.
    Type 'Resolver<{ name: string; order: number; description: string; isActive: boolean; systemPrompt: string; personaId: string; avatarEmoji: string; welcomeMessage: string; primaryColor: string; secondaryColor: string; ... 6 more ...; categories?: string[] | undefined; }, any, TFieldValues> | undefined' is not assignable to type 'Resolver<{ name: string; order: number; description: string; isActive: boolean; systemPrompt: string; personaId: string; avatarEmoji: string; welcomeMessage: string; primaryColor: string; secondaryColor: string; ... 6 more ...; categories?: string[] | undefined; }, any, { ...; }> | undefined'.
      Type 'Resolver<{ name: string; order: number; description: string; isActive: boolean; systemPrompt: string; personaId: string; avatarEmoji: string; welcomeMessage: string; primaryColor: string; secondaryColor: string; ... 6 more ...; categories?: string[] | undefined; }, any, TFieldValues>' is not assignable to type 'Resolver<{ name: string; order: number; description: string; isActive: boolean; systemPrompt: string; personaId: string; avatarEmoji: string; welcomeMessage: string; primaryColor: string; secondaryColor: string; ... 6 more ...; categories?: string[] | undefined; }, any, { ...; }>'.
        Type 'ResolverResult<{ name: string; order: number; description: string; isActive: boolean; systemPrompt: string; personaId: string; avatarEmoji: string; welcomeMessage: string; primaryColor: string; secondaryColor: string; ... 6 more ...; categories?: string[] | undefined; }, TFieldValues> | Promise<...>' is not assignable to type 'ResolverResult<{ name: string; order: number; description: string; isActive: boolean; systemPrompt: string; personaId: string; avatarEmoji: string; welcomeMessage: string; primaryColor: string; secondaryColor: string; ... 6 more ...; categories?: string[] | undefined; }, { ...; }> | Promise<...>'.
          Type 'ResolverSuccess<TFieldValues>' is not assignable to type 'ResolverResult<{ name: string; order: number; description: string; isActive: boolean; systemPrompt: string; personaId: string; avatarEmoji: string; welcomeMessage: string; primaryColor: string; secondaryColor: string; ... 6 more ...; categories?: string[] | undefined; }, { ...; }> | Promise<...>'.
            Type 'ResolverSuccess<TFieldValues>' is not assignable to type 'ResolverSuccess<{ name: string; order: number; description: string; isActive: boolean; systemPrompt: string; personaId: string; avatarEmoji: string; welcomeMessage: string; primaryColor: string; secondaryColor: string; ... 6 more ...; categories?: string[] | undefined; }>'.
              Type 'TFieldValues' is not assignable to type '{ name: string; order: number; description: string; isActive: boolean; systemPrompt: string; personaId: string; avatarEmoji: string; welcomeMessage: string; primaryColor: string; secondaryColor: string; ... 6 more ...; categories?: string[] | undefined; }'.
                Type 'FieldValues' is missing the following properties from type '{ name: string; order: number; description: string; isActive: boolean; systemPrompt: string; personaId: string; avatarEmoji: string; welcomeMessage: string; primaryColor: string; secondaryColor: string; ... 6 more ...; categories?: string[] | undefined; }': name, order, description, isActive, and 8 more.
client/src/components/admin/PersonaManagement.tsx(604,17): error TS2322: Type 'Control<{ name: string; order: number; description: string; isActive: boolean; systemPrompt: string; personaId: string; avatarEmoji: string; welcomeMessage: string; primaryColor: string; secondaryColor: string; ... 6 more ...; categories?: string[] | undefined; }, any, TFieldValues>' is not assignable to type 'Control<{ name: string; order: number; description: string; isActive: boolean; systemPrompt: string; personaId: string; avatarEmoji: string; welcomeMessage: string; primaryColor: string; secondaryColor: string; ... 6 more ...; categories?: string[] | undefined; }, any, { ...; }>'.
  The types of '_options.resolver' are incompatible between these types.
    Type 'Resolver<{ name: string; order: number; description: string; isActive: boolean; systemPrompt: string; personaId: string; avatarEmoji: string; welcomeMessage: string; primaryColor: string; secondaryColor: string; ... 6 more ...; categories?: string[] | undefined; }, any, TFieldValues> | undefined' is not assignable to type 'Resolver<{ name: string; order: number; description: string; isActive: boolean; systemPrompt: string; personaId: string; avatarEmoji: string; welcomeMessage: string; primaryColor: string; secondaryColor: string; ... 6 more ...; categories?: string[] | undefined; }, any, { ...; }> | undefined'.
      Type 'Resolver<{ name: string; order: number; description: string; isActive: boolean; systemPrompt: string; personaId: string; avatarEmoji: string; welcomeMessage: string; primaryColor: string; secondaryColor: string; ... 6 more ...; categories?: string[] | undefined; }, any, TFieldValues>' is not assignable to type 'Resolver<{ name: string; order: number; description: string; isActive: boolean; systemPrompt: string; personaId: string; avatarEmoji: string; welcomeMessage: string; primaryColor: string; secondaryColor: string; ... 6 more ...; categories?: string[] | undefined; }, any, { ...; }>'.
        Type 'ResolverResult<{ name: string; order: number; description: string; isActive: boolean; systemPrompt: string; personaId: string; avatarEmoji: string; welcomeMessage: string; primaryColor: string; secondaryColor: string; ... 6 more ...; categories?: string[] | undefined; }, TFieldValues> | Promise<...>' is not assignable to type 'ResolverResult<{ name: string; order: number; description: string; isActive: boolean; systemPrompt: string; personaId: string; avatarEmoji: string; welcomeMessage: string; primaryColor: string; secondaryColor: string; ... 6 more ...; categories?: string[] | undefined; }, { ...; }> | Promise<...>'.
          Type 'ResolverSuccess<TFieldValues>' is not assignable to type 'ResolverResult<{ name: string; order: number; description: string; isActive: boolean; systemPrompt: string; personaId: string; avatarEmoji: string; welcomeMessage: string; primaryColor: string; secondaryColor: string; ... 6 more ...; categories?: string[] | undefined; }, { ...; }> | Promise<...>'.
            Type 'ResolverSuccess<TFieldValues>' is not assignable to type 'ResolverSuccess<{ name: string; order: number; description: string; isActive: boolean; systemPrompt: string; personaId: string; avatarEmoji: string; welcomeMessage: string; primaryColor: string; secondaryColor: string; ... 6 more ...; categories?: string[] | undefined; }>'.
              Type 'TFieldValues' is not assignable to type '{ name: string; order: number; description: string; isActive: boolean; systemPrompt: string; personaId: string; avatarEmoji: string; welcomeMessage: string; primaryColor: string; secondaryColor: string; ... 6 more ...; categories?: string[] | undefined; }'.
                Type 'FieldValues' is missing the following properties from type '{ name: string; order: number; description: string; isActive: boolean; systemPrompt: string; personaId: string; avatarEmoji: string; welcomeMessage: string; primaryColor: string; secondaryColor: string; ... 6 more ...; categories?: string[] | undefined; }': name, order, description, isActive, and 8 more.
client/src/components/admin/PersonaManagement.tsx(647,17): error TS2322: Type 'Control<{ name: string; order: number; description: string; isActive: boolean; systemPrompt: string; personaId: string; avatarEmoji: string; welcomeMessage: string; primaryColor: string; secondaryColor: string; ... 6 more ...; categories?: string[] | undefined; }, any, TFieldValues>' is not assignable to type 'Control<{ name: string; order: number; description: string; isActive: boolean; systemPrompt: string; personaId: string; avatarEmoji: string; welcomeMessage: string; primaryColor: string; secondaryColor: string; ... 6 more ...; categories?: string[] | undefined; }, any, { ...; }>'.
  The types of '_options.resolver' are incompatible between these types.
    Type 'Resolver<{ name: string; order: number; description: string; isActive: boolean; systemPrompt: string; personaId: string; avatarEmoji: string; welcomeMessage: string; primaryColor: string; secondaryColor: string; ... 6 more ...; categories?: string[] | undefined; }, any, TFieldValues> | undefined' is not assignable to type 'Resolver<{ name: string; order: number; description: string; isActive: boolean; systemPrompt: string; personaId: string; avatarEmoji: string; welcomeMessage: string; primaryColor: string; secondaryColor: string; ... 6 more ...; categories?: string[] | undefined; }, any, { ...; }> | undefined'.
      Type 'Resolver<{ name: string; order: number; description: string; isActive: boolean; systemPrompt: string; personaId: string; avatarEmoji: string; welcomeMessage: string; primaryColor: string; secondaryColor: string; ... 6 more ...; categories?: string[] | undefined; }, any, TFieldValues>' is not assignable to type 'Resolver<{ name: string; order: number; description: string; isActive: boolean; systemPrompt: string; personaId: string; avatarEmoji: string; welcomeMessage: string; primaryColor: string; secondaryColor: string; ... 6 more ...; categories?: string[] | undefined; }, any, { ...; }>'.
        Type 'ResolverResult<{ name: string; order: number; description: string; isActive: boolean; systemPrompt: string; personaId: string; avatarEmoji: string; welcomeMessage: string; primaryColor: string; secondaryColor: string; ... 6 more ...; categories?: string[] | undefined; }, TFieldValues> | Promise<...>' is not assignable to type 'ResolverResult<{ name: string; order: number; description: string; isActive: boolean; systemPrompt: string; personaId: string; avatarEmoji: string; welcomeMessage: string; primaryColor: string; secondaryColor: string; ... 6 more ...; categories?: string[] | undefined; }, { ...; }> | Promise<...>'.
          Type 'ResolverSuccess<TFieldValues>' is not assignable to type 'ResolverResult<{ name: string; order: number; description: string; isActive: boolean; systemPrompt: string; personaId: string; avatarEmoji: string; welcomeMessage: string; primaryColor: string; secondaryColor: string; ... 6 more ...; categories?: string[] | undefined; }, { ...; }> | Promise<...>'.
            Type 'ResolverSuccess<TFieldValues>' is not assignable to type 'ResolverSuccess<{ name: string; order: number; description: string; isActive: boolean; systemPrompt: string; personaId: string; avatarEmoji: string; welcomeMessage: string; primaryColor: string; secondaryColor: string; ... 6 more ...; categories?: string[] | undefined; }>'.
              Type 'TFieldValues' is not assignable to type '{ name: string; order: number; description: string; isActive: boolean; systemPrompt: string; personaId: string; avatarEmoji: string; welcomeMessage: string; primaryColor: string; secondaryColor: string; ... 6 more ...; categories?: string[] | undefined; }'.
                Type 'FieldValues' is missing the following properties from type '{ name: string; order: number; description: string; isActive: boolean; systemPrompt: string; personaId: string; avatarEmoji: string; welcomeMessage: string; primaryColor: string; secondaryColor: string; ... 6 more ...; categories?: string[] | undefined; }': name, order, description, isActive, and 8 more.
client/src/components/admin/PersonaManagement.tsx(677,17): error TS2322: Type 'Control<{ name: string; order: number; description: string; isActive: boolean; systemPrompt: string; personaId: string; avatarEmoji: string; welcomeMessage: string; primaryColor: string; secondaryColor: string; ... 6 more ...; categories?: string[] | undefined; }, any, TFieldValues>' is not assignable to type 'Control<{ name: string; order: number; description: string; isActive: boolean; systemPrompt: string; personaId: string; avatarEmoji: string; welcomeMessage: string; primaryColor: string; secondaryColor: string; ... 6 more ...; categories?: string[] | undefined; }, any, { ...; }>'.
  The types of '_options.resolver' are incompatible between these types.
    Type 'Resolver<{ name: string; order: number; description: string; isActive: boolean; systemPrompt: string; personaId: string; avatarEmoji: string; welcomeMessage: string; primaryColor: string; secondaryColor: string; ... 6 more ...; categories?: string[] | undefined; }, any, TFieldValues> | undefined' is not assignable to type 'Resolver<{ name: string; order: number; description: string; isActive: boolean; systemPrompt: string; personaId: string; avatarEmoji: string; welcomeMessage: string; primaryColor: string; secondaryColor: string; ... 6 more ...; categories?: string[] | undefined; }, any, { ...; }> | undefined'.
      Type 'Resolver<{ name: string; order: number; description: string; isActive: boolean; systemPrompt: string; personaId: string; avatarEmoji: string; welcomeMessage: string; primaryColor: string; secondaryColor: string; ... 6 more ...; categories?: string[] | undefined; }, any, TFieldValues>' is not assignable to type 'Resolver<{ name: string; order: number; description: string; isActive: boolean; systemPrompt: string; personaId: string; avatarEmoji: string; welcomeMessage: string; primaryColor: string; secondaryColor: string; ... 6 more ...; categories?: string[] | undefined; }, any, { ...; }>'.
        Type 'ResolverResult<{ name: string; order: number; description: string; isActive: boolean; systemPrompt: string; personaId: string; avatarEmoji: string; welcomeMessage: string; primaryColor: string; secondaryColor: string; ... 6 more ...; categories?: string[] | undefined; }, TFieldValues> | Promise<...>' is not assignable to type 'ResolverResult<{ name: string; order: number; description: string; isActive: boolean; systemPrompt: string; personaId: string; avatarEmoji: string; welcomeMessage: string; primaryColor: string; secondaryColor: string; ... 6 more ...; categories?: string[] | undefined; }, { ...; }> | Promise<...>'.
          Type 'ResolverSuccess<TFieldValues>' is not assignable to type 'ResolverResult<{ name: string; order: number; description: string; isActive: boolean; systemPrompt: string; personaId: string; avatarEmoji: string; welcomeMessage: string; primaryColor: string; secondaryColor: string; ... 6 more ...; categories?: string[] | undefined; }, { ...; }> | Promise<...>'.
            Type 'ResolverSuccess<TFieldValues>' is not assignable to type 'ResolverSuccess<{ name: string; order: number; description: string; isActive: boolean; systemPrompt: string; personaId: string; avatarEmoji: string; welcomeMessage: string; primaryColor: string; secondaryColor: string; ... 6 more ...; categories?: string[] | undefined; }>'.
              Type 'TFieldValues' is not assignable to type '{ name: string; order: number; description: string; isActive: boolean; systemPrompt: string; personaId: string; avatarEmoji: string; welcomeMessage: string; primaryColor: string; secondaryColor: string; ... 6 more ...; categories?: string[] | undefined; }'.
                Type 'FieldValues' is missing the following properties from type '{ name: string; order: number; description: string; isActive: boolean; systemPrompt: string; personaId: string; avatarEmoji: string; welcomeMessage: string; primaryColor: string; secondaryColor: string; ... 6 more ...; categories?: string[] | undefined; }': name, order, description, isActive, and 8 more.
client/src/components/admin/PersonaManagement.tsx(686,27): error TS2322: Type 'Control<{ name: string; order: number; description: string; isActive: boolean; systemPrompt: string; personaId: string; avatarEmoji: string; welcomeMessage: string; primaryColor: string; secondaryColor: string; ... 6 more ...; categories?: string[] | undefined; }, any, TFieldValues>' is not assignable to type 'Control<{ name: string; order: number; description: string; isActive: boolean; systemPrompt: string; personaId: string; avatarEmoji: string; welcomeMessage: string; primaryColor: string; secondaryColor: string; ... 6 more ...; categories?: string[] | undefined; }, any, { ...; }>'.
  The types of '_options.resolver' are incompatible between these types.
    Type 'Resolver<{ name: string; order: number; description: string; isActive: boolean; systemPrompt: string; personaId: string; avatarEmoji: string; welcomeMessage: string; primaryColor: string; secondaryColor: string; ... 6 more ...; categories?: string[] | undefined; }, any, TFieldValues> | undefined' is not assignable to type 'Resolver<{ name: string; order: number; description: string; isActive: boolean; systemPrompt: string; personaId: string; avatarEmoji: string; welcomeMessage: string; primaryColor: string; secondaryColor: string; ... 6 more ...; categories?: string[] | undefined; }, any, { ...; }> | undefined'.
      Type 'Resolver<{ name: string; order: number; description: string; isActive: boolean; systemPrompt: string; personaId: string; avatarEmoji: string; welcomeMessage: string; primaryColor: string; secondaryColor: string; ... 6 more ...; categories?: string[] | undefined; }, any, TFieldValues>' is not assignable to type 'Resolver<{ name: string; order: number; description: string; isActive: boolean; systemPrompt: string; personaId: string; avatarEmoji: string; welcomeMessage: string; primaryColor: string; secondaryColor: string; ... 6 more ...; categories?: string[] | undefined; }, any, { ...; }>'.
        Type 'ResolverResult<{ name: string; order: number; description: string; isActive: boolean; systemPrompt: string; personaId: string; avatarEmoji: string; welcomeMessage: string; primaryColor: string; secondaryColor: string; ... 6 more ...; categories?: string[] | undefined; }, TFieldValues> | Promise<...>' is not assignable to type 'ResolverResult<{ name: string; order: number; description: string; isActive: boolean; systemPrompt: string; personaId: string; avatarEmoji: string; welcomeMessage: string; primaryColor: string; secondaryColor: string; ... 6 more ...; categories?: string[] | undefined; }, { ...; }> | Promise<...>'.
          Type 'ResolverSuccess<TFieldValues>' is not assignable to type 'ResolverResult<{ name: string; order: number; description: string; isActive: boolean; systemPrompt: string; personaId: string; avatarEmoji: string; welcomeMessage: string; primaryColor: string; secondaryColor: string; ... 6 more ...; categories?: string[] | undefined; }, { ...; }> | Promise<...>'.
            Type 'ResolverSuccess<TFieldValues>' is not assignable to type 'ResolverSuccess<{ name: string; order: number; description: string; isActive: boolean; systemPrompt: string; personaId: string; avatarEmoji: string; welcomeMessage: string; primaryColor: string; secondaryColor: string; ... 6 more ...; categories?: string[] | undefined; }>'.
              Type 'TFieldValues' is not assignable to type '{ name: string; order: number; description: string; isActive: boolean; systemPrompt: string; personaId: string; avatarEmoji: string; welcomeMessage: string; primaryColor: string; secondaryColor: string; ... 6 more ...; categories?: string[] | undefined; }'.
                Type 'FieldValues' is missing the following properties from type '{ name: string; order: number; description: string; isActive: boolean; systemPrompt: string; personaId: string; avatarEmoji: string; welcomeMessage: string; primaryColor: string; secondaryColor: string; ... 6 more ...; categories?: string[] | undefined; }': name, order, description, isActive, and 8 more.
client/src/components/admin/PersonaManagement.tsx(731,19): error TS2322: Type 'Control<{ name: string; order: number; description: string; isActive: boolean; systemPrompt: string; personaId: string; avatarEmoji: string; welcomeMessage: string; primaryColor: string; secondaryColor: string; ... 6 more ...; categories?: string[] | undefined; }, any, TFieldValues>' is not assignable to type 'Control<{ name: string; order: number; description: string; isActive: boolean; systemPrompt: string; personaId: string; avatarEmoji: string; welcomeMessage: string; primaryColor: string; secondaryColor: string; ... 6 more ...; categories?: string[] | undefined; }, any, { ...; }>'.
  The types of '_options.resolver' are incompatible between these types.
    Type 'Resolver<{ name: string; order: number; description: string; isActive: boolean; systemPrompt: string; personaId: string; avatarEmoji: string; welcomeMessage: string; primaryColor: string; secondaryColor: string; ... 6 more ...; categories?: string[] | undefined; }, any, TFieldValues> | undefined' is not assignable to type 'Resolver<{ name: string; order: number; description: string; isActive: boolean; systemPrompt: string; personaId: string; avatarEmoji: string; welcomeMessage: string; primaryColor: string; secondaryColor: string; ... 6 more ...; categories?: string[] | undefined; }, any, { ...; }> | undefined'.
      Type 'Resolver<{ name: string; order: number; description: string; isActive: boolean; systemPrompt: string; personaId: string; avatarEmoji: string; welcomeMessage: string; primaryColor: string; secondaryColor: string; ... 6 more ...; categories?: string[] | undefined; }, any, TFieldValues>' is not assignable to type 'Resolver<{ name: string; order: number; description: string; isActive: boolean; systemPrompt: string; personaId: string; avatarEmoji: string; welcomeMessage: string; primaryColor: string; secondaryColor: string; ... 6 more ...; categories?: string[] | undefined; }, any, { ...; }>'.
        Type 'ResolverResult<{ name: string; order: number; description: string; isActive: boolean; systemPrompt: string; personaId: string; avatarEmoji: string; welcomeMessage: string; primaryColor: string; secondaryColor: string; ... 6 more ...; categories?: string[] | undefined; }, TFieldValues> | Promise<...>' is not assignable to type 'ResolverResult<{ name: string; order: number; description: string; isActive: boolean; systemPrompt: string; personaId: string; avatarEmoji: string; welcomeMessage: string; primaryColor: string; secondaryColor: string; ... 6 more ...; categories?: string[] | undefined; }, { ...; }> | Promise<...>'.
          Type 'ResolverSuccess<TFieldValues>' is not assignable to type 'ResolverResult<{ name: string; order: number; description: string; isActive: boolean; systemPrompt: string; personaId: string; avatarEmoji: string; welcomeMessage: string; primaryColor: string; secondaryColor: string; ... 6 more ...; categories?: string[] | undefined; }, { ...; }> | Promise<...>'.
            Type 'ResolverSuccess<TFieldValues>' is not assignable to type 'ResolverSuccess<{ name: string; order: number; description: string; isActive: boolean; systemPrompt: string; personaId: string; avatarEmoji: string; welcomeMessage: string; primaryColor: string; secondaryColor: string; ... 6 more ...; categories?: string[] | undefined; }>'.
              Type 'TFieldValues' is not assignable to type '{ name: string; order: number; description: string; isActive: boolean; systemPrompt: string; personaId: string; avatarEmoji: string; welcomeMessage: string; primaryColor: string; secondaryColor: string; ... 6 more ...; categories?: string[] | undefined; }'.
                Type 'FieldValues' is missing the following properties from type '{ name: string; order: number; description: string; isActive: boolean; systemPrompt: string; personaId: string; avatarEmoji: string; welcomeMessage: string; primaryColor: string; secondaryColor: string; ... 6 more ...; categories?: string[] | undefined; }': name, order, description, isActive, and 8 more.
client/src/components/admin/PersonaManagement.tsx(752,19): error TS2322: Type 'Control<{ name: string; order: number; description: string; isActive: boolean; systemPrompt: string; personaId: string; avatarEmoji: string; welcomeMessage: string; primaryColor: string; secondaryColor: string; ... 6 more ...; categories?: string[] | undefined; }, any, TFieldValues>' is not assignable to type 'Control<{ name: string; order: number; description: string; isActive: boolean; systemPrompt: string; personaId: string; avatarEmoji: string; welcomeMessage: string; primaryColor: string; secondaryColor: string; ... 6 more ...; categories?: string[] | undefined; }, any, { ...; }>'.
  The types of '_options.resolver' are incompatible between these types.
    Type 'Resolver<{ name: string; order: number; description: string; isActive: boolean; systemPrompt: string; personaId: string; avatarEmoji: string; welcomeMessage: string; primaryColor: string; secondaryColor: string; ... 6 more ...; categories?: string[] | undefined; }, any, TFieldValues> | undefined' is not assignable to type 'Resolver<{ name: string; order: number; description: string; isActive: boolean; systemPrompt: string; personaId: string; avatarEmoji: string; welcomeMessage: string; primaryColor: string; secondaryColor: string; ... 6 more ...; categories?: string[] | undefined; }, any, { ...; }> | undefined'.
      Type 'Resolver<{ name: string; order: number; description: string; isActive: boolean; systemPrompt: string; personaId: string; avatarEmoji: string; welcomeMessage: string; primaryColor: string; secondaryColor: string; ... 6 more ...; categories?: string[] | undefined; }, any, TFieldValues>' is not assignable to type 'Resolver<{ name: string; order: number; description: string; isActive: boolean; systemPrompt: string; personaId: string; avatarEmoji: string; welcomeMessage: string; primaryColor: string; secondaryColor: string; ... 6 more ...; categories?: string[] | undefined; }, any, { ...; }>'.
        Type 'ResolverResult<{ name: string; order: number; description: string; isActive: boolean; systemPrompt: string; personaId: string; avatarEmoji: string; welcomeMessage: string; primaryColor: string; secondaryColor: string; ... 6 more ...; categories?: string[] | undefined; }, TFieldValues> | Promise<...>' is not assignable to type 'ResolverResult<{ name: string; order: number; description: string; isActive: boolean; systemPrompt: string; personaId: string; avatarEmoji: string; welcomeMessage: string; primaryColor: string; secondaryColor: string; ... 6 more ...; categories?: string[] | undefined; }, { ...; }> | Promise<...>'.
          Type 'ResolverSuccess<TFieldValues>' is not assignable to type 'ResolverResult<{ name: string; order: number; description: string; isActive: boolean; systemPrompt: string; personaId: string; avatarEmoji: string; welcomeMessage: string; primaryColor: string; secondaryColor: string; ... 6 more ...; categories?: string[] | undefined; }, { ...; }> | Promise<...>'.
            Type 'ResolverSuccess<TFieldValues>' is not assignable to type 'ResolverSuccess<{ name: string; order: number; description: string; isActive: boolean; systemPrompt: string; personaId: string; avatarEmoji: string; welcomeMessage: string; primaryColor: string; secondaryColor: string; ... 6 more ...; categories?: string[] | undefined; }>'.
              Type 'TFieldValues' is not assignable to type '{ name: string; order: number; description: string; isActive: boolean; systemPrompt: string; personaId: string; avatarEmoji: string; welcomeMessage: string; primaryColor: string; secondaryColor: string; ... 6 more ...; categories?: string[] | undefined; }'.
                Type 'FieldValues' is missing the following properties from type '{ name: string; order: number; description: string; isActive: boolean; systemPrompt: string; personaId: string; avatarEmoji: string; welcomeMessage: string; primaryColor: string; secondaryColor: string; ... 6 more ...; categories?: string[] | undefined; }': name, order, description, isActive, and 8 more.
client/src/components/admin/PersonaManagement.tsx(774,17): error TS2322: Type 'Control<{ name: string; order: number; description: string; isActive: boolean; systemPrompt: string; personaId: string; avatarEmoji: string; welcomeMessage: string; primaryColor: string; secondaryColor: string; ... 6 more ...; categories?: string[] | undefined; }, any, TFieldValues>' is not assignable to type 'Control<{ name: string; order: number; description: string; isActive: boolean; systemPrompt: string; personaId: string; avatarEmoji: string; welcomeMessage: string; primaryColor: string; secondaryColor: string; ... 6 more ...; categories?: string[] | undefined; }, any, { ...; }>'.
  The types of '_options.resolver' are incompatible between these types.
    Type 'Resolver<{ name: string; order: number; description: string; isActive: boolean; systemPrompt: string; personaId: string; avatarEmoji: string; welcomeMessage: string; primaryColor: string; secondaryColor: string; ... 6 more ...; categories?: string[] | undefined; }, any, TFieldValues> | undefined' is not assignable to type 'Resolver<{ name: string; order: number; description: string; isActive: boolean; systemPrompt: string; personaId: string; avatarEmoji: string; welcomeMessage: string; primaryColor: string; secondaryColor: string; ... 6 more ...; categories?: string[] | undefined; }, any, { ...; }> | undefined'.
      Type 'Resolver<{ name: string; order: number; description: string; isActive: boolean; systemPrompt: string; personaId: string; avatarEmoji: string; welcomeMessage: string; primaryColor: string; secondaryColor: string; ... 6 more ...; categories?: string[] | undefined; }, any, TFieldValues>' is not assignable to type 'Resolver<{ name: string; order: number; description: string; isActive: boolean; systemPrompt: string; personaId: string; avatarEmoji: string; welcomeMessage: string; primaryColor: string; secondaryColor: string; ... 6 more ...; categories?: string[] | undefined; }, any, { ...; }>'.
        Type 'ResolverResult<{ name: string; order: number; description: string; isActive: boolean; systemPrompt: string; personaId: string; avatarEmoji: string; welcomeMessage: string; primaryColor: string; secondaryColor: string; ... 6 more ...; categories?: string[] | undefined; }, TFieldValues> | Promise<...>' is not assignable to type 'ResolverResult<{ name: string; order: number; description: string; isActive: boolean; systemPrompt: string; personaId: string; avatarEmoji: string; welcomeMessage: string; primaryColor: string; secondaryColor: string; ... 6 more ...; categories?: string[] | undefined; }, { ...; }> | Promise<...>'.
          Type 'ResolverSuccess<TFieldValues>' is not assignable to type 'ResolverResult<{ name: string; order: number; description: string; isActive: boolean; systemPrompt: string; personaId: string; avatarEmoji: string; welcomeMessage: string; primaryColor: string; secondaryColor: string; ... 6 more ...; categories?: string[] | undefined; }, { ...; }> | Promise<...>'.
            Type 'ResolverSuccess<TFieldValues>' is not assignable to type 'ResolverSuccess<{ name: string; order: number; description: string; isActive: boolean; systemPrompt: string; personaId: string; avatarEmoji: string; welcomeMessage: string; primaryColor: string; secondaryColor: string; ... 6 more ...; categories?: string[] | undefined; }>'.
              Type 'TFieldValues' is not assignable to type '{ name: string; order: number; description: string; isActive: boolean; systemPrompt: string; personaId: string; avatarEmoji: string; welcomeMessage: string; primaryColor: string; secondaryColor: string; ... 6 more ...; categories?: string[] | undefined; }'.
                Type 'FieldValues' is missing the following properties from type '{ name: string; order: number; description: string; isActive: boolean; systemPrompt: string; personaId: string; avatarEmoji: string; welcomeMessage: string; primaryColor: string; secondaryColor: string; ... 6 more ...; categories?: string[] | undefined; }': name, order, description, isActive, and 8 more.
client/src/components/modal/admin/PromptVariableModal.tsx(227,24): error TS2322: Type '{ onChange: (e: ChangeEvent<HTMLInputElement>) => void; onBlur: Noop; value: string | number | boolean | undefined; disabled?: boolean | undefined; name: "defaultValue"; ref: RefCallBack; type: "number"; }' is not assignable to type 'InputProps'.
  Types of property 'value' are incompatible.
    Type 'string | number | boolean | undefined' is not assignable to type 'string | number | readonly string[] | undefined'.
      Type 'false' is not assignable to type 'string | number | readonly string[] | undefined'.
client/src/components/modal/admin/StyleCardFormModal.tsx(154,17): error TS2322: Type '{ onFileSelect: (file: File) => Promise<void>; accept: string; maxFileSize: number; className: string; }' is not assignable to type 'IntrinsicAttributes & FileUploadProps'.
  Property 'maxFileSize' does not exist on type 'IntrinsicAttributes & FileUploadProps'.
client/src/components/photobook-v2/TopBar.tsx(234,127): error TS2339: Property 'showGrid' does not exist on type 'EditorState'.
client/src/components/ProtectedRoute.tsx(43,42): error TS2345: Argument of type 'string | null' is not assignable to parameter of type 'MemberType | undefined'.
  Type 'null' is not assignable to type 'MemberType | undefined'.
client/src/components/ProtectedRoute.tsx(48,32): error TS2345: Argument of type 'string | null' is not assignable to parameter of type 'MemberType | undefined'.
  Type 'null' is not assignable to type 'MemberType | undefined'.
client/src/components/ProtectedRoute.tsx(53,48): error TS2345: Argument of type 'string | null' is not assignable to parameter of type 'MemberType | undefined'.
  Type 'null' is not assignable to type 'MemberType | undefined'.
client/src/components/ProtectedRoute.tsx(53,77): error TS2345: Argument of type 'string | null' is not assignable to parameter of type 'MemberType | undefined'.
  Type 'null' is not assignable to type 'MemberType | undefined'.
client/src/components/ProtectedRoute.tsx(60,25): error TS2345: Argument of type 'string | null' is not assignable to parameter of type 'MemberType'.
  Type 'null' is not assignable to type 'MemberType'.
client/src/components/ui/image-card.tsx(46,38): error TS2304: Cannot find name 'transformedUrl'.
client/src/components/ui/image-card.tsx(92,27): error TS2304: Cannot find name 'transformedUrl'.
client/src/components/ui/sidebar.tsx(6,10): error TS2724: '"@/hooks/use-mobile"' has no exported member named 'useIsMobile'. Did you mean 'useMobile'?
client/src/lib/auth-utils.ts(139,5): error TS2353: Object literal may only specify known properties, and ''general'' does not exist in type 'Record<MemberType, string>'.
client/src/lib/auth-utils.ts(147,10): error TS7053: Element implicitly has an 'any' type because expression of type 'MemberType | "general"' can't be used to index type 'Record<MemberType, string>'.
  Property 'general' does not exist on type 'Record<MemberType, string>'.
client/src/lib/auth-utils.ts(155,5): error TS2353: Object literal may only specify known properties, and ''general'' does not exist in type 'Record<MemberType, string>'.
client/src/lib/auth-utils.ts(163,10): error TS7053: Element implicitly has an 'any' type because expression of type 'MemberType | "general"' can't be used to index type 'Record<MemberType, string>'.
  Property 'general' does not exist on type 'Record<MemberType, string>'.
client/src/pages/dream-book/[id].tsx(2,34): error TS2305: Module '"wouter"' has no exported member 'useNavigate'.
client/src/pages/dream-book/[id].tsx(52,33): error TS7006: Parameter 'image' implicitly has an 'any' type.
client/src/pages/dream-book/[id].tsx(52,40): error TS7006: Parameter 'index' implicitly has an 'any' type.
client/src/pages/dream-book/[id].tsx(179,37): error TS7006: Parameter 'image' implicitly has an 'any' type.
client/src/pages/dream-book/[id].tsx(179,44): error TS7006: Parameter 'index' implicitly has an 'any' type.
client/src/pages/hospital-campaigns.tsx(4,38): error TS2307: Cannot find module '@/components/hospital/CampaignTableForHospital' or its corresponding type declarations.
server/services/backgroundRemoval.ts(117,41): error TS2345: Argument of type 'Blob' is not assignable to parameter of type 'ImageSource'.
  Type 'import("buffer").Blob' is not assignable to type 'Blob'.
    The types of 'stream().pipeThrough' are incompatible between these types.
      Type '<T>(transform: ReadableWritablePair<T, any>, options?: StreamPipeOptions | undefined) => ReadableStream<T>' is not assignable to type '<T>(transform: ReadableWritablePair<T, Uint8Array>, options?: StreamPipeOptions | undefined) => ReadableStream<T>'.
        Types of parameters 'transform' and 'transform' are incompatible.
          Type 'ReadableWritablePair<T, Uint8Array>' is not assignable to type 'ReadableWritablePair<T | undefined, any>'.
            Types of property 'readable' are incompatible.
              Type 'ReadableStream<T>' is missing the following properties from type 'ReadableStream<T | undefined>': values, [Symbol.asyncIterator]
server/services/backgroundRemoval.ts(188,41): error TS2345: Argument of type 'Blob' is not assignable to parameter of type 'ImageSource'.
  Type 'import("buffer").Blob' is not assignable to type 'Blob'.
    The types of 'stream().pipeThrough' are incompatible between these types.
      Type '<T>(transform: ReadableWritablePair<T, any>, options?: StreamPipeOptions | undefined) => ReadableStream<T>' is not assignable to type '<T>(transform: ReadableWritablePair<T, Uint8Array>, options?: StreamPipeOptions | undefined) => ReadableStream<T>'.
        Types of parameters 'transform' and 'transform' are incompatible.
          Type 'ReadableWritablePair<T, Uint8Array>' is not assignable to type 'ReadableWritablePair<T | undefined, any>'.
            Types of property 'readable' are incompatible.
              Type 'ReadableStream<T>' is missing the following properties from type 'ReadableStream<T | undefined>': values, [Symbol.asyncIterator]
server/services/collageService.ts(49,18): error TS2339: Property 'url' does not exist on type '{ style: string; title: string; metadata: string | null; id: number; height: number | null; width: number | null; categoryId: string | null; conceptId: string | null; thumbnailUrl: string | null; ... 6 more ...; originalVerified: boolean | null; }'.
server/services/milestones.ts(285,43): error TS7015: Element implicitly has an 'any' type because index expression is not of type 'number'.
server/services/milestones.ts(761,28): error TS2769: No overload matches this call.
  Overload 1 of 3, '(left: PgColumn<{ name: "milestone_id"; tableName: "milestone_applications"; dataType: "string"; columnType: "PgText"; data: string; driverParam: string; notNull: true; hasDefault: false; isPrimaryKey: false; ... 5 more ...; generated: undefined; }, {}, {}>, right: string | SQLWrapper): SQL<...>', gave the following error.
    Argument of type 'number' is not assignable to parameter of type 'string | SQLWrapper'.
  Overload 2 of 3, '(left: Aliased<number>, right: number | SQLWrapper): SQL<unknown>', gave the following error.
    Argument of type 'PgColumn<{ name: "milestone_id"; tableName: "milestone_applications"; dataType: "string"; columnType: "PgText"; data: string; driverParam: string; notNull: true; hasDefault: false; isPrimaryKey: false; ... 5 more ...; generated: undefined; }, {}, {}>' is not assignable to parameter of type 'Aliased<number>'.
      Type 'PgColumn<{ name: "milestone_id"; tableName: "milestone_applications"; dataType: "string"; columnType: "PgText"; data: string; driverParam: string; notNull: true; hasDefault: false; isPrimaryKey: false; ... 5 more ...; generated: undefined; }, {}, {}>' is missing the following properties from type 'Aliased<number>': sql, fieldAlias
  Overload 3 of 3, '(left: never, right: unknown): SQL<unknown>', gave the following error.
    Argument of type 'PgColumn<{ name: "milestone_id"; tableName: "milestone_applications"; dataType: "string"; columnType: "PgText"; data: string; driverParam: string; notNull: true; hasDefault: false; isPrimaryKey: false; ... 5 more ...; generated: undefined; }, {}, {}>' is not assignable to parameter of type 'never'.
server/services/milestones.ts(835,9): error TS2769: No overload matches this call.
  Overload 1 of 2, '(value: { userId: number | SQL<unknown> | Placeholder<string, any>; milestoneId: string | SQL<unknown> | Placeholder<string, any>; id?: number | SQL<unknown> | Placeholder<...> | undefined; ... 7 more ...; processedBy?: number | ... 3 more ... | undefined; }): PgInsertBase<...>', gave the following error.
    Type 'string' is not assignable to type 'number | SQL<unknown> | Placeholder<string, any>'.
  Overload 2 of 2, '(values: { userId: number | SQL<unknown> | Placeholder<string, any>; milestoneId: string | SQL<unknown> | Placeholder<string, any>; id?: number | SQL<unknown> | Placeholder<...> | undefined; ... 7 more ...; processedBy?: number | ... 3 more ... | undefined; }[]): PgInsertBase<...>', gave the following error.
    Object literal may only specify known properties, and 'userId' does not exist in type '{ userId: number | SQL<unknown> | Placeholder<string, any>; milestoneId: string | SQL<unknown> | Placeholder<string, any>; id?: number | SQL<unknown> | Placeholder<...> | undefined; ... 7 more ...; processedBy?: number | ... 3 more ... | undefined; }[]'.
server/services/milestones.ts(884,12): error TS2304: Cannot find name 'MilestoneApplication'.
server/services/mission/mission.submission.service.ts(110,7): error TS2322: Type '"submitted" | "approved"' is not assignable to type '"submitted"'.
  Type '"approved"' is not assignable to type '"submitted"'.
server/utils/gcs.ts(98,18): error TS18047: 'storage' is possibly 'null'.
server/utils/gcs.ts(129,18): error TS18047: 'storage' is possibly 'null'.
server/utils/gcs.ts(445,18): error TS18047: 'storage' is possibly 'null'.
server/utils/settings.ts(104,7): error TS2322: Type '{ id: number; clientDefaultModel: string; defaultAiModel: string; supportedAiModels: { [x: number]: string; length: number; toString: () => string; toLocaleString: { (): string; (locales: string | string[], options?: (NumberFormatOptions & DateTimeFormatOptions) | undefined): string; }; ... 31 more ...; readonly [Sy...' is not assignable to type '{ id: number; clientDefaultModel: string; defaultAiModel: string; supportedAiModels: ("openai" | "gemini_3" | "gemini_3_1")[]; updatedAt: Date; milestoneEnabled: boolean; bgRemovalQuality: string; bgRemovalModel: string; }'.
  The types returned by 'supportedAiModels.pop()' are incompatible between these types.
    Type 'unknown' is not assignable to type '"openai" | "gemini_3" | "gemini_3_1" | undefined'.
server/utils/settings.ts(108,29): error TS18048: 'settings' is possibly 'undefined'.
server/utils/settings.ts(110,10): error TS18048: 'settings' is possibly 'undefined'.
server/utils/settings.ts(111,10): error TS18048: 'settings' is possibly 'undefined'.
server/utils/settings.ts(119,37): error TS18048: 'settings' is possibly 'undefined'.
server/utils/settings.ts(120,37): error TS18048: 'settings' is possibly 'undefined'.
server/utils/settings.ts(121,31): error TS18048: 'settings' is possibly 'undefined'.
server/utils/settings.ts(122,37): error TS18048: 'settings' is possibly 'undefined'.
server/utils/settings.ts(133,7): error TS2322: Type '{ id: number; clientDefaultModel: string; defaultAiModel: string; supportedAiModels: { [x: number]: string; length: number; toString: () => string; toLocaleString: { (): string; (locales: string | string[], options?: (NumberFormatOptions & DateTimeFormatOptions) | undefined): string; }; ... 31 more ...; readonly [Sy...' is not assignable to type '{ id: number; clientDefaultModel: string; defaultAiModel: string; supportedAiModels: ("openai" | "gemini_3" | "gemini_3_1")[]; updatedAt: Date; milestoneEnabled: boolean; bgRemovalQuality: string; bgRemovalModel: string; }'.
  The types returned by 'supportedAiModels.pop()' are incompatible between these types.
    Type 'unknown' is not assignable to type '"openai" | "gemini_3" | "gemini_3_1" | undefined'.
server/utils/settings.ts(178,28): error TS18048: 'settings' is possibly 'undefined'.
server/utils/settings.ts(192,56): error TS18048: 'settings' is possibly 'undefined'.
server/utils/settings.ts(193,11): error TS18048: 'settings' is possibly 'undefined'.
server/utils/settings.ts(195,62): error TS18048: 'settings' is possibly 'undefined'.
server/utils/settings.ts(196,11): error TS18048: 'settings' is possibly 'undefined'.
server/utils/settings.ts(208,7): error TS2322: Type '{ id: number; clientDefaultModel: string; defaultAiModel: string; supportedAiModels: { [x: number]: string; length: number; toString: () => string; toLocaleString: { (): string; (locales: string | string[], options?: (NumberFormatOptions & DateTimeFormatOptions) | undefined): string; }; ... 31 more ...; readonly [Sy...' is not assignable to type '{ id: number; clientDefaultModel: string; defaultAiModel: string; supportedAiModels: ("openai" | "gemini_3" | "gemini_3_1")[]; updatedAt: Date; milestoneEnabled: boolean; bgRemovalQuality: string; bgRemovalModel: string; }'.
  The types returned by 'supportedAiModels.pop()' are incompatible between these types.
    Type 'unknown' is not assignable to type '"openai" | "gemini_3" | "gemini_3_1" | undefined'.
server/utils/topmedia-retry.ts(161,9): error TS2769: No overload matches this call.
  Overload 1 of 2, '(input: string | URL | Request, init?: RequestInit | undefined): Promise<Response>', gave the following error.
    Object literal may only specify known properties, and 'timeout' does not exist in type 'RequestInit'.
  Overload 2 of 2, '(input: URL | RequestInfo, init?: RequestInit | undefined): Promise<Response>', gave the following error.
    Object literal may only specify known properties, and 'timeout' does not exist in type 'RequestInit'.
